Archive member included to satisfy reference by file (symbol)

C:/Renesas/RA/e2studio_v2025-10_fsp_v6.2.0/toolchains/gcc_arm/13.2.rel1/bin/../lib/gcc/arm-none-eabi/13.2.1/thumb/v8-m.base/nofp\libgcc.a(_thumb1_case_shi.o)
                              ./src/SEGGER_RTT/SEGGER_RTT_printf.o (__gnu_thumb1_case_shi)
C:/Renesas/RA/e2studio_v2025-10_fsp_v6.2.0/toolchains/gcc_arm/13.2.rel1/bin/../lib/gcc/arm-none-eabi/13.2.1/thumb/v8-m.base/nofp\libgcc.a(_muldi3.o)
                              ./ra/fsp/src/bsp/mcu/all/bsp_delay.o (__aeabi_lmul)
C:/Renesas/RA/e2studio_v2025-10_fsp_v6.2.0/toolchains/gcc_arm/13.2.rel1/bin/../lib/gcc/arm-none-eabi/13.2.1/thumb/v8-m.base/nofp\libg_nano.a(libc_a-exit.o)
                              C:/Renesas/RA/e2studio_v2025-10_fsp_v6.2.0/toolchains/gcc_arm/13.2.rel1/bin/../lib/gcc/arm-none-eabi/13.2.1/thumb/v8-m.base/nofp/crt0.o (exit)
C:/Renesas/RA/e2studio_v2025-10_fsp_v6.2.0/toolchains/gcc_arm/13.2.rel1/bin/../lib/gcc/arm-none-eabi/13.2.1/thumb/v8-m.base/nofp\libg_nano.a(libc_a-findfp.o)
                              C:/Renesas/RA/e2studio_v2025-10_fsp_v6.2.0/toolchains/gcc_arm/13.2.rel1/bin/../lib/gcc/arm-none-eabi/13.2.1/thumb/v8-m.base/nofp\libg_nano.a(libc_a-exit.o) (__stdio_exit_handler)
C:/Renesas/RA/e2studio_v2025-10_fsp_v6.2.0/toolchains/gcc_arm/13.2.rel1/bin/../lib/gcc/arm-none-eabi/13.2.1/thumb/v8-m.base/nofp\libg_nano.a(libc_a-fwalk.o)
                              C:/Renesas/RA/e2studio_v2025-10_fsp_v6.2.0/toolchains/gcc_arm/13.2.rel1/bin/../lib/gcc/arm-none-eabi/13.2.1/thumb/v8-m.base/nofp\libg_nano.a(libc_a-findfp.o) (_fwalk_sglue)
C:/Renesas/RA/e2studio_v2025-10_fsp_v6.2.0/toolchains/gcc_arm/13.2.rel1/bin/../lib/gcc/arm-none-eabi/13.2.1/thumb/v8-m.base/nofp\libg_nano.a(libc_a-stdio.o)
                              C:/Renesas/RA/e2studio_v2025-10_fsp_v6.2.0/toolchains/gcc_arm/13.2.rel1/bin/../lib/gcc/arm-none-eabi/13.2.1/thumb/v8-m.base/nofp\libg_nano.a(libc_a-findfp.o) (__sread)
C:/Renesas/RA/e2studio_v2025-10_fsp_v6.2.0/toolchains/gcc_arm/13.2.rel1/bin/../lib/gcc/arm-none-eabi/13.2.1/thumb/v8-m.base/nofp\libg_nano.a(libc_a-memset.o)
                              C:/Renesas/RA/e2studio_v2025-10_fsp_v6.2.0/toolchains/gcc_arm/13.2.rel1/bin/../lib/gcc/arm-none-eabi/13.2.1/thumb/v8-m.base/nofp/crt0.o (memset)
C:/Renesas/RA/e2studio_v2025-10_fsp_v6.2.0/toolchains/gcc_arm/13.2.rel1/bin/../lib/gcc/arm-none-eabi/13.2.1/thumb/v8-m.base/nofp\libg_nano.a(libc_a-closer.o)
                              C:/Renesas/RA/e2studio_v2025-10_fsp_v6.2.0/toolchains/gcc_arm/13.2.rel1/bin/../lib/gcc/arm-none-eabi/13.2.1/thumb/v8-m.base/nofp\libg_nano.a(libc_a-stdio.o) (_close_r)
C:/Renesas/RA/e2studio_v2025-10_fsp_v6.2.0/toolchains/gcc_arm/13.2.rel1/bin/../lib/gcc/arm-none-eabi/13.2.1/thumb/v8-m.base/nofp\libg_nano.a(libc_a-reent.o)
                              C:/Renesas/RA/e2studio_v2025-10_fsp_v6.2.0/toolchains/gcc_arm/13.2.rel1/bin/../lib/gcc/arm-none-eabi/13.2.1/thumb/v8-m.base/nofp\libg_nano.a(libc_a-closer.o) (errno)
C:/Renesas/RA/e2studio_v2025-10_fsp_v6.2.0/toolchains/gcc_arm/13.2.rel1/bin/../lib/gcc/arm-none-eabi/13.2.1/thumb/v8-m.base/nofp\libg_nano.a(libc_a-impure.o)
                              C:/Renesas/RA/e2studio_v2025-10_fsp_v6.2.0/toolchains/gcc_arm/13.2.rel1/bin/../lib/gcc/arm-none-eabi/13.2.1/thumb/v8-m.base/nofp\libg_nano.a(libc_a-reent.o) (_impure_ptr)
C:/Renesas/RA/e2studio_v2025-10_fsp_v6.2.0/toolchains/gcc_arm/13.2.rel1/bin/../lib/gcc/arm-none-eabi/13.2.1/thumb/v8-m.base/nofp\libg_nano.a(libc_a-lseekr.o)
                              C:/Renesas/RA/e2studio_v2025-10_fsp_v6.2.0/toolchains/gcc_arm/13.2.rel1/bin/../lib/gcc/arm-none-eabi/13.2.1/thumb/v8-m.base/nofp\libg_nano.a(libc_a-stdio.o) (_lseek_r)
C:/Renesas/RA/e2studio_v2025-10_fsp_v6.2.0/toolchains/gcc_arm/13.2.rel1/bin/../lib/gcc/arm-none-eabi/13.2.1/thumb/v8-m.base/nofp\libg_nano.a(libc_a-readr.o)
                              C:/Renesas/RA/e2studio_v2025-10_fsp_v6.2.0/toolchains/gcc_arm/13.2.rel1/bin/../lib/gcc/arm-none-eabi/13.2.1/thumb/v8-m.base/nofp\libg_nano.a(libc_a-stdio.o) (_read_r)
C:/Renesas/RA/e2studio_v2025-10_fsp_v6.2.0/toolchains/gcc_arm/13.2.rel1/bin/../lib/gcc/arm-none-eabi/13.2.1/thumb/v8-m.base/nofp\libg_nano.a(libc_a-writer.o)
                              C:/Renesas/RA/e2studio_v2025-10_fsp_v6.2.0/toolchains/gcc_arm/13.2.rel1/bin/../lib/gcc/arm-none-eabi/13.2.1/thumb/v8-m.base/nofp\libg_nano.a(libc_a-stdio.o) (_write_r)
C:/Renesas/RA/e2studio_v2025-10_fsp_v6.2.0/toolchains/gcc_arm/13.2.rel1/bin/../lib/gcc/arm-none-eabi/13.2.1/thumb/v8-m.base/nofp\libg_nano.a(libc_a-errno.o)
                              ./ra/fsp/src/bsp/mcu/all/bsp_sbrk.o (__errno)
C:/Renesas/RA/e2studio_v2025-10_fsp_v6.2.0/toolchains/gcc_arm/13.2.rel1/bin/../lib/gcc/arm-none-eabi/13.2.1/thumb/v8-m.base/nofp\libg_nano.a(libc_a-init.o)
                              C:/Renesas/RA/e2studio_v2025-10_fsp_v6.2.0/toolchains/gcc_arm/13.2.rel1/bin/../lib/gcc/arm-none-eabi/13.2.1/thumb/v8-m.base/nofp/crt0.o (__libc_init_array)
[...]
Memory Configuration

Name             Origin             Length             Attributes
RAM              0x20004000         0x00002000         xrw
FLASH            0x00000440         0x0000fbc0         xr
DATA_FLASH       0x40100000         0x00000800         xr
OPTION_SETTING_OFS0 0x00000400         0x00000004         r
OPTION_SETTING_OFS1 0x00000404         0x00000004         r
OPTION_SETTING_SECMPU 0x00000408         0x00000034         r
OPTION_SETTING_OSIS 0x01010018         0x00000020         r
FLASH_GAP        0x00000000         0x00000400         xr
*default*        0x00000000         0xffffffff

Linker script and memory map

LOAD C:/Renesas/RA/e2studio_v2025-10_fsp_v6.2.0/toolchains/gcc_arm/13.2.rel1/bin/../lib/gcc/arm-none-eabi/13.2.1/thumb/v8-m.base/nofp/crti.o
LOAD C:/Renesas/RA/e2studio_v2025-10_fsp_v6.2.0/toolchains/gcc_arm/13.2.rel1/bin/../lib/gcc/arm-none-eabi/13.2.1/thumb/v8-m.base/nofp/crtbegin.o
LOAD C:/Renesas/RA/e2studio_v2025-10_fsp_v6.2.0/toolchains/gcc_arm/13.2.rel1/bin/../lib/gcc/arm-none-eabi/13.2.1/thumb/v8-m.base/nofp/crt0.o
LOAD ./src/SEGGER_RTT/SEGGER_RTT.o
LOAD ./src/SEGGER_RTT/SEGGER_RTT_printf.o
LOAD ./src/hal_entry.o
LOAD ./src/hal_warmstart.o
LOAD ./src/r_gpt_test_tg3_comp_pwm.o
LOAD ./ra_gen/common_data.o
LOAD ./ra_gen/hal_data.o
LOAD ./ra_gen/main.o
LOAD ./ra_gen/pin_data.o
LOAD ./ra_gen/vector_data.o
LOAD ./ra/fsp/src/r_ioport/r_ioport.o
LOAD ./ra/fsp/src/r_gpt_three_phase/r_gpt_three_phase.o
LOAD ./ra/fsp/src/r_gpt/r_gpt.o
LOAD ./ra/fsp/src/bsp/mcu/ra2t1/bsp_linker.o
LOAD ./ra/fsp/src/bsp/mcu/all/bsp_clocks.o
LOAD ./ra/fsp/src/bsp/mcu/all/bsp_common.o
LOAD ./ra/fsp/src/bsp/mcu/all/bsp_delay.o
LOAD ./ra/fsp/src/bsp/mcu/all/bsp_group_irq.o
LOAD ./ra/fsp/src/bsp/mcu/all/bsp_guard.o
LOAD ./ra/fsp/src/bsp/mcu/all/bsp_io.o
LOAD ./ra/fsp/src/bsp/mcu/all/bsp_ipc.o
LOAD ./ra/fsp/src/bsp/mcu/all/bsp_irq.o
LOAD ./ra/fsp/src/bsp/mcu/all/bsp_macl.o
LOAD ./ra/fsp/src/bsp/mcu/all/bsp_ospi_b.o
LOAD ./ra/fsp/src/bsp/mcu/all/bsp_register_protection.o
LOAD ./ra/fsp/src/bsp/mcu/all/bsp_sbrk.o
LOAD ./ra/fsp/src/bsp/mcu/all/bsp_sdram.o
LOAD ./ra/fsp/src/bsp/mcu/all/bsp_security.o
LOAD ./ra/fsp/src/bsp/cmsis/Device/RENESAS/Source/startup.o
LOAD ./ra/fsp/src/bsp/cmsis/Device/RENESAS/Source/system.o
LOAD ./ra/board/ra2t1_fpb/board_init.o
LOAD ./ra/board/ra2t1_fpb/board_leds.o
START GROUP
LOAD C:/Renesas/RA/e2studio_v2025-10_fsp_v6.2.0/toolchains/gcc_arm/13.2.rel1/bin/../lib/gcc/arm-none-eabi/13.2.1/thumb/v8-m.base/nofp\libgcc.a
LOAD C:/Renesas/RA/e2studio_v2025-10_fsp_v6.2.0/toolchains/gcc_arm/13.2.rel1/bin/../lib/gcc/arm-none-eabi/13.2.1/thumb/v8-m.base/nofp\libg_nano.a
LOAD C:/Renesas/RA/e2studio_v2025-10_fsp_v6.2.0/toolchains/gcc_arm/13.2.rel1/bin/../lib/gcc/arm-none-eabi/13.2.1/thumb/v8-m.base/nofp\libc_nano.a
END GROUP
START GROUP
LOAD C:/Renesas/RA/e2studio_v2025-10_fsp_v6.2.0/toolchains/gcc_arm/13.2.rel1/bin/../lib/gcc/arm-none-eabi/13.2.1/thumb/v8-m.base/nofp\libgcc.a
LOAD C:/Renesas/RA/e2studio_v2025-10_fsp_v6.2.0/toolchains/gcc_arm/13.2.rel1/bin/../lib/gcc/arm-none-eabi/13.2.1/thumb/v8-m.base/nofp\libc_nano.a
END GROUP
LOAD C:/Renesas/RA/e2studio_v2025-10_fsp_v6.2.0/toolchains/gcc_arm/13.2.rel1/bin/../lib/gcc/arm-none-eabi/13.2.1/thumb/v8-m.base/nofp/crtend.o
LOAD C:/Renesas/RA/e2studio_v2025-10_fsp_v6.2.0/toolchains/gcc_arm/13.2.rel1/bin/../lib/gcc/arm-none-eabi/13.2.1/thumb/v8-m.base/nofp/crtn.o
                0x20004000                        RAM_START = 0x20004000
                0x00002000                        RAM_LENGTH = 0x2000
                0x00000440                        FLASH_START = 0x440
                0x0000fbc0                        FLASH_LENGTH = 0xfbc0
                0x40100000                        DATA_FLASH_START = 0x40100000
                0x00000800                        DATA_FLASH_LENGTH = 0x800
                0x00000400                        OPTION_SETTING_OFS0_START = 0x400
                0x00000004                        OPTION_SETTING_OFS0_LENGTH = 0x4
                0x00000404                        OPTION_SETTING_OFS1_START = 0x404
                0x00000004                        OPTION_SETTING_OFS1_LENGTH = 0x4
                0x00000408                        OPTION_SETTING_SECMPU_START = 0x408
                0x00000034                        OPTION_SETTING_SECMPU_LENGTH = 0x34
                0x01010018                        OPTION_SETTING_OSIS_START = 0x1010018
                0x00000020                        OPTION_SETTING_OSIS_LENGTH = 0x20
                0x00000000                        FLASH_GAP_START = 0x0
                0x00000400                        FLASH_GAP_LENGTH = 0x400
START GROUP
LOAD C:/Renesas/RA/e2studio_v2025-10_fsp_v6.2.0/toolchains/gcc_arm/13.2.rel1/bin/../lib/gcc/arm-none-eabi/13.2.1/thumb/v8-m.base/nofp\libgcc.a
LOAD C:/Renesas/RA/e2studio_v2025-10_fsp_v6.2.0/toolchains/gcc_arm/13.2.rel1/bin/../lib/gcc/arm-none-eabi/13.2.1/thumb/v8-m.base/nofp\libc.a
LOAD C:/Renesas/RA/e2studio_v2025-10_fsp_v6.2.0/toolchains/gcc_arm/13.2.rel1/bin/../lib/gcc/arm-none-eabi/13.2.1/thumb/v8-m.base/nofp\libm.a
END GROUP

.data_flash.startof
                0x40100000        0x0
                0x40100000                        __ddsc_DATA_FLASH_START = .

.ram.startof    0x20004000        0x0
                0x20004000                        __ddsc_RAM_START = .

__ram_dtc_vector$$
                0x20004000        0x0
                0x20004000                        __ram_dtc_vector$$Base = .
 *(.fsp_dtc_vector_table)
                0x20004000                        __ram_dtc_vector$$Limit = .

__ram_from_data_flash$$
                0x20004000        0x0 load address 0x40100000
                0x20004000                        __ram_from_data_flash$$Base = .
                0x40100000                        __ram_from_data_flash$$Load = LOADADDR (__ram_from_data_flash$$)
 *(.ram_from_data_flash)
 *(.ram_code_from_data_flash)
                0x20004000                        __ram_from_data_flash$$Limit = .

__data_flash_readonly$$
                0x40100000        0x0
                0x40100000                        __data_flash_readonly$$Base = .
 *(.data_flash)
 *(.data_flash_code)
                0x40100000                        __data_flash_readonly$$Limit = .

__data_flash_noinit$$
                0x40100000        0x0
                0x40100000                        __data_flash_noinit$$Base = .
 *(.data_flash_noinit)
                0x40100000                        __data_flash_noinit$$Limit = .

.data_flash.endof
                0x40100000        0x0
                0x40100000                        __ddsc_DATA_FLASH_END = .

.flash.startof  0x00000000        0x0
                0x00000000                        __ddsc_FLASH_START = .

__flash_vectors$$
                0x00000000       0x58
                0x00000000                        __flash_vectors$$Base = .
                0x00000000                        _VECTORS = .
 *(.fixed_vectors)
 .fixed_vectors
                0x00000000       0x40 ./ra/fsp/src/bsp/cmsis/Device/RENESAS/Source/startup.o
                0x00000000                __Vectors
 *(.application_vectors)
 .application_vectors
                0x00000040       0x18 ./ra_gen/vector_data.o
                0x00000040                g_vector_table
                0x00000058                        __flash_vectors$$Limit = .

__flash_readonly_gap$$
                0x00000058      0x138
                0x00000058                        __flash_readonly_gap$$Base = .
 *bsp_linker.?*(.rodata.*)
 .rodata.g_init_info
                0x00000058       0x10 ./ra/fsp/src/bsp/mcu/ra2t1/bsp_linker.o
                0x00000058                g_init_info
 .rodata.copy_list
                0x00000068       0x20 ./ra/fsp/src/bsp/mcu/ra2t1/bsp_linker.o
 .rodata.zero_list
                0x00000088        0xc ./ra/fsp/src/bsp/mcu/ra2t1/bsp_linker.o
 *(.flash_gap)
 *startup.?*(.text.Reset_Handler)
 .text.Reset_Handler
                0x00000094        0xc ./ra/fsp/src/bsp/cmsis/Device/RENESAS/Source/startup.o
                0x00000094                Reset_Handler
 *system.?*(.text.*)
 .text.SystemRuntimeInit
                0x000000a0       0x58 ./ra/fsp/src/bsp/cmsis/Device/RENESAS/Source/system.o
 .text.SystemInit
                0x000000f8       0x98 ./ra/fsp/src/bsp/cmsis/Device/RENESAS/Source/system.o
                0x000000f8                SystemInit
 *(.flash_gap_code)
                0x00000190                        __flash_readonly_gap$$Limit = .

__flash_noinit$$
                0x00000440        0x0
                0x00000440                        __flash_noinit$$Base = .
 *(.flash_noinit)
                0x00000440                        __flash_noinit$$Limit = .

__ram_from_flash$$
                0x20004000        0x0 load address 0x00000440
                0x20004000                        __ram_from_flash$$Base = .
                0x00000440                        __ram_from_flash$$Load = LOADADDR (__ram_from_flash$$)
 *(.ram_from_flash)
 *(.ram_code_from_flash)
 *(.data*)
 *(vtable)
                0x20004000                        __ram_from_flash$$Limit = .

__ram_noinit$$  0x20004000      0x414 load address 0x00000440
                0x20004000                        __ram_noinit$$Base = .
 *(.bss.g_heap)
 *(.bss.g_main_stack)
 .bss.g_main_stack
                0x20004000      0x400 ./ra/fsp/src/bsp/cmsis/Device/RENESAS/Source/startup.o
                0x20004000                g_main_stack
 *(.ram_noinit)
 .ram_noinit    0x20004400       0x14 ./ra/fsp/src/bsp/mcu/all/bsp_clocks.o
 *(.noinit)
                0x20004414                        __ram_noinit$$Limit = .

__ram_zero$$    0x20004414      0xc64 load address 0x00000440
                0x20004414                        __ram_zero$$Base = .
 *(.ram)
 *(.bss*)
 .bss.completed.1
                0x20004414        0x1 C:/Renesas/RA/e2studio_v2025-10_fsp_v6.2.0/toolchains/gcc_arm/13.2.rel1/bin/../lib/gcc/arm-none-eabi/13.2.1/thumb/v8-m.base/nofp/crtbegin.o
 *fill*         0x20004415        0x3 
 .bss.object.0  0x20004418       0x18 C:/Renesas/RA/e2studio_v2025-10_fsp_v6.2.0/toolchains/gcc_arm/13.2.rel1/bin/../lib/gcc/arm-none-eabi/13.2.1/thumb/v8-m.base/nofp/crtbegin.o
 .bss._acDownBuffer
                0x20004430       0x10 ./src/SEGGER_RTT/SEGGER_RTT.o
 .bss._acUpBuffer
                0x20004440      0x800 ./src/SEGGER_RTT/SEGGER_RTT.o
 .bss._SEGGER_RTT
                0x20004c40       0xa8 ./src/SEGGER_RTT/SEGGER_RTT.o
                0x20004c40                _SEGGER_RTT
 .bss.g_test_count
                0x20004ce8        0x4 ./src/r_gpt_test_tg3_comp_pwm.o
 .bss.g_test_results
                0x20004cec      0x110 ./src/r_gpt_test_tg3_comp_pwm.o
 .bss.g_duty_cap_ext_cfg_test
                0x20004dfc       0x40 ./src/r_gpt_test_tg3_comp_pwm.o
 .bss.g_duty_cap_cfg_test
                0x20004e3c       0x20 ./src/r_gpt_test_tg3_comp_pwm.o
 .bss.g_duty_cap_ctrl_test
                0x20004e5c       0x20 ./src/r_gpt_test_tg3_comp_pwm.o
 .bss.g_three_phase_comp_pwm_cfg_test
                0x20004e7c       0x20 ./src/r_gpt_test_tg3_comp_pwm.o
 .bss.g_three_phase_comp_pwm_ctrl_test
                0x20004e9c       0x1c ./src/r_gpt_test_tg3_comp_pwm.o
 .bss.g_pwm_cfg_test
                0x20004eb8       0x20 ./src/r_gpt_test_tg3_comp_pwm.o
 .bss.g_master_ext_test
                0x20004ed8       0x40 ./src/r_gpt_test_tg3_comp_pwm.o
 .bss.g_slave2_cfg_test
                0x20004f18       0x20 ./src/r_gpt_test_tg3_comp_pwm.o
 .bss.g_slave1_cfg_test
                0x20004f38       0x20 ./src/r_gpt_test_tg3_comp_pwm.o
 .bss.g_master_cfg_test
                0x20004f58       0x20 ./src/r_gpt_test_tg3_comp_pwm.o
 .bss.g_timer_instances_test
                0x20004f78       0x24 ./src/r_gpt_test_tg3_comp_pwm.o
 .bss.g_ioport_ctrl
                0x20004f9c        0x8 ./ra_gen/common_data.o
                0x20004f9c                g_ioport_ctrl
 .bss.g_timer_comp_pwm_master_ctrl
                0x20004fa4       0x20 ./ra_gen/hal_data.o
                0x20004fa4                g_timer_comp_pwm_master_ctrl
 .bss.g_timer_comp_pwm_slave1_ctrl
                0x20004fc4       0x20 ./ra_gen/hal_data.o
                0x20004fc4                g_timer_comp_pwm_slave1_ctrl
 .bss.g_timer_comp_pwm_slave2_ctrl
                0x20004fe4       0x20 ./ra_gen/hal_data.o
                0x20004fe4                g_timer_comp_pwm_slave2_ctrl
 .bss.g_timer_comp_pwm_duty_cap_ctrl
                0x20005004       0x20 ./ra_gen/hal_data.o
                0x20005004                g_timer_comp_pwm_duty_cap_ctrl
 .bss.g_bsp_group_irq_sources
                0x20005024       0x34 ./ra/fsp/src/bsp/mcu/all/bsp_group_irq.o
                0x20005024                g_bsp_group_irq_sources
 .bss.g_protect_pfswe_counter
                0x20005058        0x4 ./ra/fsp/src/bsp/mcu/all/bsp_io.o
                0x20005058                g_protect_pfswe_counter
 .bss.gp_renesas_isr_context
                0x2000505c       0x18 ./ra/fsp/src/bsp/mcu/all/bsp_irq.o
                0x2000505c                gp_renesas_isr_context
 .bss.SystemCoreClock
                0x20005074        0x4 ./ra/fsp/src/bsp/cmsis/Device/RENESAS/Source/system.o
                0x20005074                SystemCoreClock
                0x20005078                        __ram_zero$$Limit = .

__ram_thread_stack$$
                0x20005078        0x0 load address 0x00000440
                0x20005078                        __ram_thread_stack$$Base = .
 *(.stack?*)
                0x20005078                        __ram_thread_stack$$Limit = .

.ram.endof      0x20005200        0x0
                0x20005200                        __ddsc_RAM_END = .

__flash_readonly$$
                0x00000440     0x2c50
                0x00000440                        __flash_readonly$$Base = .
 *(.flash)
 *(.flash_code)
 *(.text*)
 .text.deregister_tm_clones
                0x00000440       0x24 C:/Renesas/RA/e2studio_v2025-10_fsp_v6.2.0/toolchains/gcc_arm/13.2.rel1/bin/../lib/gcc/arm-none-eabi/13.2.1/thumb/v8-m.base/nofp/crtbegin.o
 .text.register_tm_clones
                0x00000464       0x2c C:/Renesas/RA/e2studio_v2025-10_fsp_v6.2.0/toolchains/gcc_arm/13.2.rel1/bin/../lib/gcc/arm-none-eabi/13.2.1/thumb/v8-m.base/nofp/crtbegin.o
 .text.__do_global_dtors_aux
                0x00000490       0x30 C:/Renesas/RA/e2studio_v2025-10_fsp_v6.2.0/toolchains/gcc_arm/13.2.rel1/bin/../lib/gcc/arm-none-eabi/13.2.1/thumb/v8-m.base/nofp/crtbegin.o
 .text.frame_dummy
                0x000004c0       0x28 C:/Renesas/RA/e2studio_v2025-10_fsp_v6.2.0/toolchains/gcc_arm/13.2.rel1/bin/../lib/gcc/arm-none-eabi/13.2.1/thumb/v8-m.base/nofp/crtbegin.o
 .text._GetAvailWriteSpace
                0x000004e8       0x12 ./src/SEGGER_RTT/SEGGER_RTT.o
 .text._WriteNoCheck
                0x000004fa       0x34 ./src/SEGGER_RTT/SEGGER_RTT.o
 .text._WriteBlocking
                0x0000052e       0x5e ./src/SEGGER_RTT/SEGGER_RTT.o
 .text._DoInit  0x0000058c       0x6c ./src/SEGGER_RTT/SEGGER_RTT.o
 .text.SEGGER_RTT_WriteNoLock
                0x000005f8       0x58 ./src/SEGGER_RTT/SEGGER_RTT.o
                0x000005f8                SEGGER_RTT_WriteNoLock
 .text.SEGGER_RTT_Write
                0x00000650       0x34 ./src/SEGGER_RTT/SEGGER_RTT.o
                0x00000650                SEGGER_RTT_Write
 .text._StoreChar
                0x00000684       0x3e ./src/SEGGER_RTT/SEGGER_RTT_printf.o
 *fill*         0x000006c2        0x2 
 .text._PrintUnsigned
                0x000006c4       0xd4 ./src/SEGGER_RTT/SEGGER_RTT_printf.o
 .text.SEGGER_RTT_vprintf
                0x00000798      0x28c ./src/SEGGER_RTT/SEGGER_RTT_printf.o
                0x00000798                SEGGER_RTT_vprintf
 .text.SEGGER_RTT_printf
                0x00000a24       0x18 ./src/SEGGER_RTT/SEGGER_RTT_printf.o
                0x00000a24                SEGGER_RTT_printf
 .text.hal_entry
                0x00000a3c        0x8 ./src/hal_entry.o
                0x00000a3c                hal_entry
 .text.R_BSP_WarmStart
                0x00000a44       0x28 ./src/hal_warmstart.o
                0x00000a44                R_BSP_WarmStart
 .text.test_report
                0x00000a6c       0x48 ./src/r_gpt_test_tg3_comp_pwm.o
 .text.test_open_three_phase
                0x00000ab4       0x20 ./src/r_gpt_test_tg3_comp_pwm.o
 .text.test_close_three_phase
                0x00000ad4       0x18 ./src/r_gpt_test_tg3_comp_pwm.o
 .text.verify_gtber2_single_buffer.constprop.0
                0x00000aec       0x30 ./src/r_gpt_test_tg3_comp_pwm.o
 .text.test_setup_config.constprop.0
                0x00000b1c      0x114 ./src/r_gpt_test_tg3_comp_pwm.o
 .text.comp_pwm_run_all_tests
                0x00000c30      0xa7c ./src/r_gpt_test_tg3_comp_pwm.o
                0x00000c30                comp_pwm_run_all_tests
 .text.startup.main
                0x000016ac        0xa ./ra_gen/main.o
                0x000016ac                main
 *fill*         0x000016b6        0x2 
 .text.R_BSP_PinAccessEnable
                0x000016b8       0x2c ./ra/fsp/src/r_ioport/r_ioport.o
 .text.R_BSP_PinAccessDisable
                0x000016e4       0x30 ./ra/fsp/src/r_ioport/r_ioport.o
 .text.r_ioport_pfs_write
                0x00001714       0x30 ./ra/fsp/src/r_ioport/r_ioport.o
 .text.r_ioport_pins_config
                0x00001744       0x2a ./ra/fsp/src/r_ioport/r_ioport.o
 *fill*         0x0000176e        0x2 
 .text.R_IOPORT_Open
                0x00001770       0x14 ./ra/fsp/src/r_ioport/r_ioport.o
                0x00001770                R_IOPORT_Open
 .text.R_GPT_THREE_PHASE_Stop
                0x00001784        0xa ./ra/fsp/src/r_gpt_three_phase/r_gpt_three_phase.o
                0x00001784                R_GPT_THREE_PHASE_Stop
 .text.R_GPT_THREE_PHASE_Start
                0x0000178e        0xa ./ra/fsp/src/r_gpt_three_phase/r_gpt_three_phase.o
                0x0000178e                R_GPT_THREE_PHASE_Start
 .text.R_GPT_THREE_PHASE_DutyCycleSet
                0x00001798       0x90 ./ra/fsp/src/r_gpt_three_phase/r_gpt_three_phase.o
                0x00001798                R_GPT_THREE_PHASE_DutyCycleSet
 .text.R_GPT_THREE_PHASE_Open
                0x00001828       0xc8 ./ra/fsp/src/r_gpt_three_phase/r_gpt_three_phase.o
                0x00001828                R_GPT_THREE_PHASE_Open
 .text.R_GPT_THREE_PHASE_Close
                0x000018f0       0x26 ./ra/fsp/src/r_gpt_three_phase/r_gpt_three_phase.o
                0x000018f0                R_GPT_THREE_PHASE_Close
 .text.R_GPT_Stop
                0x00001916        0xa ./ra/fsp/src/r_gpt/r_gpt.o
                0x00001916                R_GPT_Stop
 .text.R_GPT_Start
                0x00001920        0xa ./ra/fsp/src/r_gpt/r_gpt.o
                0x00001920                R_GPT_Start
 .text.R_GPT_Reset
                0x0000192a        0xa ./ra/fsp/src/r_gpt/r_gpt.o
                0x0000192a                R_GPT_Reset
 .text.R_GPT_Enable
                0x00001934       0x42 ./ra/fsp/src/r_gpt/r_gpt.o
                0x00001934                R_GPT_Enable
 .text.R_GPT_PeriodSet
                0x00001976       0x54 ./ra/fsp/src/r_gpt/r_gpt.o
                0x00001976                R_GPT_PeriodSet
 .text.R_GPT_CompareMatchSet
                0x000019ca       0x22 ./ra/fsp/src/r_gpt/r_gpt.o
                0x000019ca                R_GPT_CompareMatchSet
 .text.R_GPT_StatusGet
                0x000019ec       0x14 ./ra/fsp/src/r_gpt/r_gpt.o
                0x000019ec                R_GPT_StatusGet
 .text.R_GPT_CallbackSet
                0x00001a00        0xa ./ra/fsp/src/r_gpt/r_gpt.o
                0x00001a00                R_GPT_CallbackSet
 .text.gpt_hardware_events_disable
                0x00001a0a       0x1c ./ra/fsp/src/r_gpt/r_gpt.o
 .text.R_GPT_Disable
                0x00001a26       0x1c ./ra/fsp/src/r_gpt/r_gpt.o
                0x00001a26                R_GPT_Disable
 .text.gpt_calculate_duty_cycle
                0x00001a42       0x66 ./ra/fsp/src/r_gpt/r_gpt.o
 .text.R_GPT_DutyCycleSet
                0x00001aa8       0xd8 ./ra/fsp/src/r_gpt/r_gpt.o
                0x00001aa8                R_GPT_DutyCycleSet
 .text.r_gpt_call_callback
                0x00001b80       0x38 ./ra/fsp/src/r_gpt/r_gpt.o
 .text.r_gpt_enable_irq
                0x00001bb8        0xc ./ra/fsp/src/r_gpt/r_gpt.o
 .text.r_gpt_ccmp_common_isr
                0x00001bc4       0x64 ./ra/fsp/src/r_gpt/r_gpt.o
 .text.r_gpt_disable_irq
                0x00001c28       0x18 ./ra/fsp/src/r_gpt/r_gpt.o
 .text.R_GPT_Close
                0x00001c40       0x50 ./ra/fsp/src/r_gpt/r_gpt.o
                0x00001c40                R_GPT_Close
 .text.gpt_gtior_calculate.isra.0
                0x00001c90       0x22 ./ra/fsp/src/r_gpt/r_gpt.o
 *fill*         0x00001cb2        0x2 
 .text.R_GPT_Open
                0x00001cb4      0x2bc ./ra/fsp/src/r_gpt/r_gpt.o
                0x00001cb4                R_GPT_Open
 .text.R_GPT_InfoGet
                0x00001f70       0x44 ./ra/fsp/src/r_gpt/r_gpt.o
                0x00001f70                R_GPT_InfoGet
 .text.gpt_capture_compare_a_isr
                0x00001fb4        0xa ./ra/fsp/src/r_gpt/r_gpt.o
                0x00001fb4                gpt_capture_compare_a_isr
 .text.gpt_capture_compare_b_isr
                0x00001fbe        0xa ./ra/fsp/src/r_gpt/r_gpt.o
                0x00001fbe                gpt_capture_compare_b_isr
 .text.bsp_prv_operating_mode_opccr_set
                0x00001fc8       0x34 ./ra/fsp/src/bsp/mcu/all/bsp_clocks.o
 .text.SystemCoreClockUpdate
                0x00001ffc       0x28 ./ra/fsp/src/bsp/mcu/all/bsp_clocks.o
                0x00001ffc                SystemCoreClockUpdate
 .text.bsp_clock_init
                0x00002024       0xb4 ./ra/fsp/src/bsp/mcu/all/bsp_clocks.o
                0x00002024                bsp_clock_init
 .text.bsp_prv_software_delay_loop
                0x000020d8        0x8 ./ra/fsp/src/bsp/mcu/all/bsp_delay.o
                0x000020d8                bsp_prv_software_delay_loop
 .text.R_BSP_SoftwareDelay
                0x000020e0       0x6c ./ra/fsp/src/bsp/mcu/all/bsp_delay.o
                0x000020e0                R_BSP_SoftwareDelay
 .text.NMI_Handler
                0x0000214c       0x40 ./ra/fsp/src/bsp/mcu/all/bsp_group_irq.o
                0x0000214c                NMI_Handler
 .text.R_BSP_IrqStatusClear
                0x0000218c       0x1c ./ra/fsp/src/bsp/mcu/all/bsp_irq.o
                0x0000218c                R_BSP_IrqStatusClear
 .text.R_BSP_IrqClearPending
                0x000021a8       0x24 ./ra/fsp/src/bsp/mcu/all/bsp_irq.o
                0x000021a8                R_BSP_IrqClearPending
 .text.R_BSP_IrqCfg
                0x000021cc       0x3c ./ra/fsp/src/bsp/mcu/all/bsp_irq.o
                0x000021cc                R_BSP_IrqCfg
 .text.R_BSP_IrqEnableNoClear
                0x00002208       0x18 ./ra/fsp/src/bsp/mcu/all/bsp_irq.o
                0x00002208                R_BSP_IrqEnableNoClear
 .text.R_BSP_IrqEnable
                0x00002220       0x10 ./ra/fsp/src/bsp/mcu/all/bsp_irq.o
                0x00002220                R_BSP_IrqEnable
 .text.R_BSP_IrqDisable
                0x00002230       0x20 ./ra/fsp/src/bsp/mcu/all/bsp_irq.o
                0x00002230                R_BSP_IrqDisable
 .text.R_BSP_IrqCfgEnable
                0x00002250       0x10 ./ra/fsp/src/bsp/mcu/all/bsp_irq.o
                0x00002250                R_BSP_IrqCfgEnable
 .text.bsp_irq_cfg
                0x00002260       0x24 ./ra/fsp/src/bsp/mcu/all/bsp_irq.o
                0x00002260                bsp_irq_cfg
 .text.Default_Handler
                0x00002284        0x4 ./ra/fsp/src/bsp/cmsis/Device/RENESAS/Source/startup.o
                0x00002284                DebugMon_Handler
                0x00002284                HardFault_Handler
                0x00002284                SysTick_Handler
                0x00002284                PendSV_Handler
                0x00002284                UsageFault_Handler
                0x00002284                SecureFault_Handler
                0x00002284                Default_Handler
                0x00002284                MemManage_Handler
                0x00002284                SVC_Handler
                0x00002284                BusFault_Handler
 .text.bsp_init
                0x00002288        0x2 ./ra/board/ra2t1_fpb/board_init.o
                0x00002288                bsp_init
 *fill*         0x0000228a        0x2 
 .text          0x0000228c       0x14 C:/Renesas/RA/e2studio_v2025-10_fsp_v6.2.0/toolchains/gcc_arm/13.2.rel1/bin/../lib/gcc/arm-none-eabi/13.2.1/thumb/v8-m.base/nofp\libgcc.a(_thumb1_case_shi.o)
                0x0000228c                __gnu_thumb1_case_shi
 .text.__muldi3
                0x000022a0       0x5c C:/Renesas/RA/e2studio_v2025-10_fsp_v6.2.0/toolchains/gcc_arm/13.2.rel1/bin/../lib/gcc/arm-none-eabi/13.2.1/thumb/v8-m.base/nofp\libgcc.a(_muldi3.o)
                0x000022a0                __muldi3
                0x000022a0                __aeabi_lmul
 .text.memset   0x000022fc       0x10 C:/Renesas/RA/e2studio_v2025-10_fsp_v6.2.0/toolchains/gcc_arm/13.2.rel1/bin/../lib/gcc/arm-none-eabi/13.2.1/thumb/v8-m.base/nofp\libg_nano.a(libc_a-memset.o)
                0x000022fc                memset
 .text.memcpy   0x0000230c       0x12 C:/Renesas/RA/e2studio_v2025-10_fsp_v6.2.0/toolchains/gcc_arm/13.2.rel1/bin/../lib/gcc/arm-none-eabi/13.2.1/thumb/v8-m.base/nofp\libg_nano.a(libc_a-memcpy-stub.o)
                0x0000230c                memcpy
 *(.rodata*)
 .rodata._DoInit.str1.1
                0x0000231e      0x9b6 ./src/SEGGER_RTT/SEGGER_RTT.o
                                  0x9 (size before relaxing)
 .rodata._aInitStr.0
                0x00002cd4       0x11 ./src/SEGGER_RTT/SEGGER_RTT.o
 .rodata.SEGGER_RTT_vprintf.str1.1
                0x00002ce5        0x7 ./src/SEGGER_RTT/SEGGER_RTT_printf.o
 .rodata._aV2C.0
                0x00002ce5       0x10 ./src/SEGGER_RTT/SEGGER_RTT_printf.o
 .rodata.test_report.str1.1
                0x00002cf5       0x1d ./src/r_gpt_test_tg3_comp_pwm.o
 .rodata.comp_pwm_run_all_tests.str1.1
                0x00002cf5      0x9a3 ./src/r_gpt_test_tg3_comp_pwm.o
 *fill*         0x00002cf5        0x3 
 .rodata.g_three_phase_comp_pwm_cfg
                0x00002cf8       0x20 ./ra_gen/hal_data.o
                0x00002cf8                g_three_phase_comp_pwm_cfg
 .rodata.g_timer_comp_pwm_master
                0x00002d18        0xc ./ra_gen/hal_data.o
                0x00002d18                g_timer_comp_pwm_master
 .rodata.g_timer_comp_pwm_master_cfg
                0x00002d24       0x20 ./ra_gen/hal_data.o
                0x00002d24                g_timer_comp_pwm_master_cfg
 .rodata.g_timer_comp_pwm_master_extend
                0x00002d44       0x40 ./ra_gen/hal_data.o
                0x00002d44                g_timer_comp_pwm_master_extend
 .rodata.g_timer_comp_pwm_master_pwm_extend
                0x00002d84       0x20 ./ra_gen/hal_data.o
                0x00002d84                g_timer_comp_pwm_master_pwm_extend
 .rodata.g_timer_comp_pwm_slave1
                0x00002da4        0xc ./ra_gen/hal_data.o
                0x00002da4                g_timer_comp_pwm_slave1
 .rodata.g_timer_comp_pwm_slave1_cfg
                0x00002db0       0x20 ./ra_gen/hal_data.o
                0x00002db0                g_timer_comp_pwm_slave1_cfg
 .rodata.g_timer_comp_pwm_slave1_extend
                0x00002dd0       0x40 ./ra_gen/hal_data.o
                0x00002dd0                g_timer_comp_pwm_slave1_extend
 .rodata.g_timer_comp_pwm_slave1_pwm_extend
                0x00002e10       0x20 ./ra_gen/hal_data.o
                0x00002e10                g_timer_comp_pwm_slave1_pwm_extend
 .rodata.g_timer_comp_pwm_slave2
                0x00002e30        0xc ./ra_gen/hal_data.o
                0x00002e30                g_timer_comp_pwm_slave2
 .rodata.g_timer_comp_pwm_slave2_cfg
                0x00002e3c       0x20 ./ra_gen/hal_data.o
                0x00002e3c                g_timer_comp_pwm_slave2_cfg
 .rodata.g_timer_comp_pwm_slave2_extend
                0x00002e5c       0x40 ./ra_gen/hal_data.o
                0x00002e5c                g_timer_comp_pwm_slave2_extend
 .rodata.g_timer_comp_pwm_slave2_pwm_extend
                0x00002e9c       0x20 ./ra_gen/hal_data.o
                0x00002e9c                g_timer_comp_pwm_slave2_pwm_extend
 .rodata.g_bsp_pin_cfg
                0x00002ebc        0xc ./ra_gen/pin_data.o
                0x00002ebc                g_bsp_pin_cfg
 .rodata.g_bsp_pin_cfg_data
                0x00002ec8      0x138 ./ra_gen/pin_data.o
                0x00002ec8                g_bsp_pin_cfg_data
 .rodata.g_interrupt_event_link_select
                0x00003000        0x6 ./ra_gen/vector_data.o
                0x00003000                g_interrupt_event_link_select
 .rodata.write_order.0
                0x00003006        0x3 ./ra/fsp/src/r_gpt_three_phase/r_gpt_three_phase.o
 *fill*         0x00003009        0x3 
 .rodata.g_timer_on_gpt
                0x0000300c       0x34 ./ra/fsp/src/r_gpt/r_gpt.o
                0x0000300c                g_timer_on_gpt
 *(.mcuboot_sce9_key)
 *(.version)
 .version       0x00003040       0x50 ./ra/fsp/src/bsp/mcu/all/bsp_common.o
                0x00003090                        __flash_readonly$$Limit = .

.glue_7         0x00003090        0x0
 .glue_7        0x00003090        0x0 linker stubs

.glue_7t        0x00003090        0x0
 .glue_7t       0x00003090        0x0 linker stubs

.vfp11_veneer   0x00003090        0x0
 .vfp11_veneer  0x00003090        0x0 linker stubs

.v4_bx          0x00003090        0x0
 .v4_bx         0x00003090        0x0 linker stubs

.init           0x00003090        0x4
 .init          0x00003090        0x4 C:/Renesas/RA/e2studio_v2025-10_fsp_v6.2.0/toolchains/gcc_arm/13.2.rel1/bin/../lib/gcc/arm-none-eabi/13.2.1/thumb/v8-m.base/nofp/crti.o
                0x00003090                _init

.fini           0x00003094        0x4
 .fini          0x00003094        0x4 C:/Renesas/RA/e2studio_v2025-10_fsp_v6.2.0/toolchains/gcc_arm/13.2.rel1/bin/../lib/gcc/arm-none-eabi/13.2.1/thumb/v8-m.base/nofp/crti.o
                0x00003094                _fini

.iplt           0x00003098        0x0
 .iplt          0x00003098        0x0 C:/Renesas/RA/e2studio_v2025-10_fsp_v6.2.0/toolchains/gcc_arm/13.2.rel1/bin/../lib/gcc/arm-none-eabi/13.2.1/thumb/v8-m.base/nofp/crtbegin.o

__flash_ctor$$
 *crtbegin.o(.ctors)
 *crtbegin?.o(.ctors)
 EXCLUDE_FILE(*crtend.o *crtend?.o) *(.ctors)
 *(SORT_BY_NAME(.ctors.*))
 *(.ctors)
 *crtbegin.o(.dtors)
 *crtbegin?.o(.dtors)
 EXCLUDE_FILE(*crtend.o *crtend?.o) *(.dtors)
 *(SORT_BY_NAME(.dtors.*))
 *(.dtors)

__flash_preinit_array$$
                0x00003098        0x0
                0x00003098                        __preinit_array_start = .
 *(.preinit_array)
                0x00003098                        __preinit_array_end = .

__flash_.got$$
 *(.got.plt)
 *(.got)

__flash_init_array$$
                0x00003098        0x4
                0x00003098                        __init_array_start = .
 *(SORT_BY_NAME(.init_array.*))
 *(.init_array)
 .init_array    0x00003098        0x4 C:/Renesas/RA/e2studio_v2025-10_fsp_v6.2.0/toolchains/gcc_arm/13.2.rel1/bin/../lib/gcc/arm-none-eabi/13.2.1/thumb/v8-m.base/nofp/crtbegin.o
                0x0000309c                        __init_array_end = .

__flash_fini_array$$
                0x0000309c        0x4
                0x0000309c                        __fini_array_start = .
 *(SORT_BY_NAME(.fini_array.*))
 *(.fini_array)
 .fini_array    0x0000309c        0x4 C:/Renesas/RA/e2studio_v2025-10_fsp_v6.2.0/toolchains/gcc_arm/13.2.rel1/bin/../lib/gcc/arm-none-eabi/13.2.1/thumb/v8-m.base/nofp/crtbegin.o
                0x000030a0                        __fini_array_end = .

__flash_arm.extab$$
 *(.ARM.extab*)
 *(.gnu.linkonce.armextab.*)

__flash_arm.exidx$$
                0x000030a0        0x0
                0x000030a0                        __exidx_start = .
 *(.ARM.exidx*)
 *(.gnu.linkonce.armexidx.*)
                0x000030a0                        __exidx_end = .

.flash.endof    0x00003200        0x0
                0x00003200                        __ddsc_FLASH_END = .

.option_setting_ofs0.startof
                0x00000400        0x0
                0x00000400                        __ddsc_OPTION_SETTING_OFS0_START = .

__option_setting_ofs0_reg$$
                0x00000400        0x4
                0x00000400                        __option_setting_ofs0_reg$$Base = .
 *(.option_setting_ofs0)
 .option_setting_ofs0
                0x00000400        0x4 ./ra/fsp/src/bsp/mcu/ra2t1/bsp_linker.o
                0x00000404                        __option_setting_ofs0_reg$$Limit = .

.option_setting_ofs0.endof
                0x00000404        0x0
                0x00000404                        __ddsc_OPTION_SETTING_OFS0_END = .

.option_setting_ofs1.startof
                0x00000404        0x0
                0x00000404                        __ddsc_OPTION_SETTING_OFS1_START = .

__option_setting_ofs1_reg$$
                0x00000404        0x4
                0x00000404                        __option_setting_ofs1_reg$$Base = .
 *(.option_setting_ofs1)
 .option_setting_ofs1
                0x00000404        0x4 ./ra/fsp/src/bsp/mcu/ra2t1/bsp_linker.o
                0x00000408                        __option_setting_ofs1_reg$$Limit = .

.eh_frame       0x00000408        0x0
 .eh_frame      0x00000408        0x0 C:/Renesas/RA/e2studio_v2025-10_fsp_v6.2.0/toolchains/gcc_arm/13.2.rel1/bin/../lib/gcc/arm-none-eabi/13.2.1/thumb/v8-m.base/nofp/crtbegin.o

.rel.dyn        0x00000408        0x0
 .rel.iplt      0x00000408        0x0 C:/Renesas/RA/e2studio_v2025-10_fsp_v6.2.0/toolchains/gcc_arm/13.2.rel1/bin/../lib/gcc/arm-none-eabi/13.2.1/thumb/v8-m.base/nofp/crtbegin.o

.tm_clone_table
                0x00000408        0x0
 .tm_clone_table
                0x00000408        0x0 C:/Renesas/RA/e2studio_v2025-10_fsp_v6.2.0/toolchains/gcc_arm/13.2.rel1/bin/../lib/gcc/arm-none-eabi/13.2.1/thumb/v8-m.base/nofp/crtbegin.o
 .tm_clone_table
                0x00000408        0x0 C:/Renesas/RA/e2studio_v2025-10_fsp_v6.2.0/toolchains/gcc_arm/13.2.rel1/bin/../lib/gcc/arm-none-eabi/13.2.1/thumb/v8-m.base/nofp/crtend.o

.igot.plt       0x000030a0        0x0
 .igot.plt      0x000030a0        0x0 C:/Renesas/RA/e2studio_v2025-10_fsp_v6.2.0/toolchains/gcc_arm/13.2.rel1/bin/../lib/gcc/arm-none-eabi/13.2.1/thumb/v8-m.base/nofp/crtbegin.o

.option_setting_ofs1.endof
                0x00000408        0x0
                0x00000408                        __ddsc_OPTION_SETTING_OFS1_END = .

.option_setting_secmpu.startof
                0x00000408        0x0
                0x00000408                        __ddsc_OPTION_SETTING_SECMPU_START = .

__option_setting_secmpu_reg$$
                0x00000408        0x0
                0x00000408                        __option_setting_secmpu_reg$$Base = .
 *(.option_setting_secmpu)
                0x00000408                        __option_setting_secmpu_reg$$Limit = .

.option_setting_secmpu.endof
                0x00000408        0x0
                0x00000408                        __ddsc_OPTION_SETTING_SECMPU_END = .

.option_setting_osis.startof
                0x01010018        0x0
                0x01010018                        __ddsc_OPTION_SETTING_OSIS_START = .

__option_setting_osis_reg$$
                0x01010018        0x0
                0x01010018                        __option_setting_osis_reg$$Base = .
 *(.option_setting_osis)
                0x01010018                        __option_setting_osis_reg$$Limit = .

.option_setting_osis.endof
                0x01010018        0x0
                0x01010018                        __ddsc_OPTION_SETTING_OSIS_END = .
OUTPUT(compl_pwm.elf elf32-littlearm)
LOAD linker stubs

.ARM.attributes
                0x00000000       0x2c
 .ARM.attributes
                0x00000000       0x22 C:/Renesas/RA/e2studio_v2025-10_fsp_v6.2.0/toolchains/gcc_arm/13.2.rel1/bin/../lib/gcc/arm-none-eabi/13.2.1/thumb/v8-m.base/nofp/crti.o
 .ARM.attributes
                0x00000022       0x30 C:/Renesas/RA/e2studio_v2025-10_fsp_v6.2.0/toolchains/gcc_arm/13.2.rel1/bin/../lib/gcc/arm-none-eabi/13.2.1/thumb/v8-m.base/nofp/crtbegin.o
 .ARM.attributes
                0x00000052       0x30 ./src/SEGGER_RTT/SEGGER_RTT.o
 .ARM.attributes
                0x00000082       0x30 ./src/SEGGER_RTT/SEGGER_RTT_printf.o
 .ARM.attributes
                0x000000b2       0x30 ./src/hal_entry.o
 .ARM.attributes
                0x000000e2       0x30 ./src/hal_warmstart.o
 .ARM.attributes
                0x00000112       0x30 ./src/r_gpt_test_tg3_comp_pwm.o
 .ARM.attributes
                0x00000142       0x30 ./ra_gen/common_data.o
 .ARM.attributes
                0x00000172       0x30 ./ra_gen/hal_data.o
 .ARM.attributes
                0x000001a2       0x30 ./ra_gen/main.o
 .ARM.attributes
                0x000001d2       0x30 ./ra_gen/pin_data.o
 .ARM.attributes
                0x00000202       0x30 ./ra_gen/vector_data.o
 .ARM.attributes
                0x00000232       0x30 ./ra/fsp/src/r_ioport/r_ioport.o
 .ARM.attributes
                0x00000262       0x30 ./ra/fsp/src/r_gpt_three_phase/r_gpt_three_phase.o
 .ARM.attributes
                0x00000292       0x30 ./ra/fsp/src/r_gpt/r_gpt.o
 .ARM.attributes
                0x000002c2       0x30 ./ra/fsp/src/bsp/mcu/ra2t1/bsp_linker.o
 .ARM.attributes
                0x000002f2       0x30 ./ra/fsp/src/bsp/mcu/all/bsp_clocks.o
 .ARM.attributes
                0x00000322       0x30 ./ra/fsp/src/bsp/mcu/all/bsp_common.o
 .ARM.attributes
                0x00000352       0x30 ./ra/fsp/src/bsp/mcu/all/bsp_delay.o
 .ARM.attributes
                0x00000382       0x30 ./ra/fsp/src/bsp/mcu/all/bsp_group_irq.o
 .ARM.attributes
                0x000003b2       0x30 ./ra/fsp/src/bsp/mcu/all/bsp_io.o
 .ARM.attributes
                0x000003e2       0x30 ./ra/fsp/src/bsp/mcu/all/bsp_irq.o
 .ARM.attributes
                0x00000412       0x30 ./ra/fsp/src/bsp/cmsis/Device/RENESAS/Source/startup.o
 .ARM.attributes
                0x00000442       0x30 ./ra/fsp/src/bsp/cmsis/Device/RENESAS/Source/system.o
 .ARM.attributes
                0x00000472       0x30 ./ra/board/ra2t1_fpb/board_init.o
 .ARM.attributes
                0x000004a2       0x22 C:/Renesas/RA/e2studio_v2025-10_fsp_v6.2.0/toolchains/gcc_arm/13.2.rel1/bin/../lib/gcc/arm-none-eabi/13.2.1/thumb/v8-m.base/nofp\libgcc.a(_thumb1_case_shi.o)
 .ARM.attributes
                0x000004c4       0x30 C:/Renesas/RA/e2studio_v2025-10_fsp_v6.2.0/toolchains/gcc_arm/13.2.rel1/bin/../lib/gcc/arm-none-eabi/13.2.1/thumb/v8-m.base/nofp\libgcc.a(_muldi3.o)
 .ARM.attributes
                0x000004f4       0x30 C:/Renesas/RA/e2studio_v2025-10_fsp_v6.2.0/toolchains/gcc_arm/13.2.rel1/bin/../lib/gcc/arm-none-eabi/13.2.1/thumb/v8-m.base/nofp\libg_nano.a(libc_a-memset.o)
 .ARM.attributes
                0x00000524       0x30 C:/Renesas/RA/e2studio_v2025-10_fsp_v6.2.0/toolchains/gcc_arm/13.2.rel1/bin/../lib/gcc/arm-none-eabi/13.2.1/thumb/v8-m.base/nofp\libg_nano.a(libc_a-memcpy-stub.o)
 .ARM.attributes
                0x00000554       0x30 C:/Renesas/RA/e2studio_v2025-10_fsp_v6.2.0/toolchains/gcc_arm/13.2.rel1/bin/../lib/gcc/arm-none-eabi/13.2.1/thumb/v8-m.base/nofp/crtend.o

.comment        0x00000000       0x44
 .comment       0x00000000       0x44 ./src/SEGGER_RTT/SEGGER_RTT.o
                                 0x45 (size before relaxing)
 .comment       0x00000044       0x45 ./src/SEGGER_RTT/SEGGER_RTT_printf.o
 .comment       0x00000044       0x45 ./src/hal_entry.o
 .comment       0x00000044       0x45 ./src/hal_warmstart.o
 .comment       0x00000044       0x45 ./src/r_gpt_test_tg3_comp_pwm.o
 .comment       0x00000044       0x45 ./ra_gen/common_data.o
 .comment       0x00000044       0x45 ./ra_gen/hal_data.o
 .comment       0x00000044       0x45 ./ra_gen/main.o
 .comment       0x00000044       0x45 ./ra_gen/pin_data.o
 .comment       0x00000044       0x45 ./ra_gen/vector_data.o
 .comment       0x00000044       0x45 ./ra/fsp/src/r_ioport/r_ioport.o
 .comment       0x00000044       0x45 ./ra/fsp/src/r_gpt_three_phase/r_gpt_three_phase.o
 .comment       0x00000044       0x45 ./ra/fsp/src/r_gpt/r_gpt.o
 .comment       0x00000044       0x45 ./ra/fsp/src/bsp/mcu/ra2t1/bsp_linker.o
 .comment       0x00000044       0x45 ./ra/fsp/src/bsp/mcu/all/bsp_clocks.o
 .comment       0x00000044       0x45 ./ra/fsp/src/bsp/mcu/all/bsp_common.o
 .comment       0x00000044       0x45 ./ra/fsp/src/bsp/mcu/all/bsp_delay.o
 .comment       0x00000044       0x45 ./ra/fsp/src/bsp/mcu/all/bsp_group_irq.o
 .comment       0x00000044       0x45 ./ra/fsp/src/bsp/mcu/all/bsp_io.o
 .comment       0x00000044       0x45 ./ra/fsp/src/bsp/mcu/all/bsp_irq.o
 .comment       0x00000044       0x45 ./ra/fsp/src/bsp/cmsis/Device/RENESAS/Source/startup.o
 .comment       0x00000044       0x45 ./ra/fsp/src/bsp/cmsis/Device/RENESAS/Source/system.o
 .comment       0x00000044       0x45 ./ra/board/ra2t1_fpb/board_init.o

.debug_info     0x00000000    0x2a27e
 .debug_info    0x00000000     0x1dff ./src/SEGGER_RTT/SEGGER_RTT.o
 .debug_info    0x00001dff      0x613 ./src/SEGGER_RTT/SEGGER_RTT_printf.o
 .debug_info    0x00002412       0xad ./src/hal_entry.o
 .debug_info    0x000024bf     0x1ddc ./src/hal_warmstart.o
 .debug_info    0x0000429b     0x5d08 ./src/r_gpt_test_tg3_comp_pwm.o
 .debug_info    0x00009fa3     0x1253 ./ra_gen/common_data.o
 .debug_info    0x0000b1f6     0x4008 ./ra_gen/hal_data.o
 .debug_info    0x0000f1fe       0xb1 ./ra_gen/main.o
 .debug_info    0x0000f2af      0xa31 ./ra_gen/pin_data.o
 .debug_info    0x0000fce0      0x834 ./ra_gen/vector_data.o
 .debug_info    0x00010514     0x29f3 ./ra/fsp/src/r_ioport/r_ioport.o
 .debug_info    0x00012f07     0x3c02 ./ra/fsp/src/r_gpt_three_phase/r_gpt_three_phase.o
 .debug_info    0x00016b09     0xa001 ./ra/fsp/src/r_gpt/r_gpt.o
 .debug_info    0x00020b0a      0x338 ./ra/fsp/src/bsp/mcu/ra2t1/bsp_linker.o
 .debug_info    0x00020e42     0x4aac ./ra/fsp/src/bsp/mcu/all/bsp_clocks.o
 .debug_info    0x000258ee      0x966 ./ra/fsp/src/bsp/mcu/all/bsp_common.o
 .debug_info    0x00026254      0x1ef ./ra/fsp/src/bsp/mcu/all/bsp_delay.o
 .debug_info    0x00026443     0x135e ./ra/fsp/src/bsp/mcu/all/bsp_group_irq.o
 .debug_info    0x000277a1       0xb2 ./ra/fsp/src/bsp/mcu/all/bsp_io.o
 .debug_info    0x00027853     0x16d9 ./ra/fsp/src/bsp/mcu/all/bsp_irq.o
 .debug_info    0x00028f2c      0x187 ./ra/fsp/src/bsp/cmsis/Device/RENESAS/Source/startup.o
 .debug_info    0x000290b3     0x1126 ./ra/fsp/src/bsp/cmsis/Device/RENESAS/Source/system.o
 .debug_info    0x0002a1d9       0xa5 ./ra/board/ra2t1_fpb/board_init.o

.debug_abbrev   0x00000000     0x30e7
 .debug_abbrev  0x00000000      0x2e3 ./src/SEGGER_RTT/SEGGER_RTT.o
 .debug_abbrev  0x000002e3      0x2ad ./src/SEGGER_RTT/SEGGER_RTT_printf.o
 .debug_abbrev  0x00000590       0x5f ./src/hal_entry.o
 .debug_abbrev  0x000005ef      0x21f ./src/hal_warmstart.o
 .debug_abbrev  0x0000080e      0x508 ./src/r_gpt_test_tg3_comp_pwm.o
 .debug_abbrev  0x00000d16      0x13a ./ra_gen/common_data.o
 .debug_abbrev  0x00000e50      0x2a0 ./ra_gen/hal_data.o
 .debug_abbrev  0x000010f0       0x61 ./ra_gen/main.o
 .debug_abbrev  0x00001151       0xff ./ra_gen/pin_data.o
 .debug_abbrev  0x00001250       0xb5 ./ra_gen/vector_data.o
 .debug_abbrev  0x00001305      0x3aa ./ra/fsp/src/r_ioport/r_ioport.o
 .debug_abbrev  0x000016af      0x367 ./ra/fsp/src/r_gpt_three_phase/r_gpt_three_phase.o
 .debug_abbrev  0x00001a16      0x5e2 ./ra/fsp/src/r_gpt/r_gpt.o
 .debug_abbrev  0x00001ff8       0xe3 ./ra/fsp/src/bsp/mcu/ra2t1/bsp_linker.o
 .debug_abbrev  0x000020db      0x399 ./ra/fsp/src/bsp/mcu/all/bsp_clocks.o
 .debug_abbrev  0x00002474      0x188 ./ra/fsp/src/bsp/mcu/all/bsp_common.o
 .debug_abbrev  0x000025fc       0xf0 ./ra/fsp/src/bsp/mcu/all/bsp_delay.o
 .debug_abbrev  0x000026ec      0x258 ./ra/fsp/src/bsp/mcu/all/bsp_group_irq.o
 .debug_abbrev  0x00002944       0x5e ./ra/fsp/src/bsp/mcu/all/bsp_io.o
 .debug_abbrev  0x000029a2      0x2bd ./ra/fsp/src/bsp/mcu/all/bsp_irq.o
 .debug_abbrev  0x00002c5f      0x102 ./ra/fsp/src/bsp/cmsis/Device/RENESAS/Source/startup.o
 .debug_abbrev  0x00002d61      0x32b ./ra/fsp/src/bsp/cmsis/Device/RENESAS/Source/system.o
 .debug_abbrev  0x0000308c       0x5b ./ra/board/ra2t1_fpb/board_init.o

.debug_loclists
                0x00000000     0x55df
 .debug_loclists
                0x00000000     0x1958 ./src/SEGGER_RTT/SEGGER_RTT.o
 .debug_loclists
                0x00001958      0x6c5 ./src/SEGGER_RTT/SEGGER_RTT_printf.o
 .debug_loclists
                0x0000201d       0x40 ./src/hal_warmstart.o
 .debug_loclists
                0x0000205d     0x10c7 ./src/r_gpt_test_tg3_comp_pwm.o
 .debug_loclists
                0x00003124      0x7d8 ./ra/fsp/src/r_ioport/r_ioport.o
 .debug_loclists
                0x000038fc      0x41e ./ra/fsp/src/r_gpt_three_phase/r_gpt_three_phase.o
 .debug_loclists
                0x00003d1a     0x121f ./ra/fsp/src/r_gpt/r_gpt.o
 .debug_loclists
                0x00004f39      0x217 ./ra/fsp/src/bsp/mcu/all/bsp_clocks.o
 .debug_loclists
                0x00005150       0x29 ./ra/fsp/src/bsp/mcu/all/bsp_common.o
 .debug_loclists
                0x00005179      0x142 ./ra/fsp/src/bsp/mcu/all/bsp_delay.o
 .debug_loclists
                0x000052bb       0x86 ./ra/fsp/src/bsp/mcu/all/bsp_group_irq.o
 .debug_loclists
                0x00005341      0x20f ./ra/fsp/src/bsp/mcu/all/bsp_irq.o
 .debug_loclists
                0x00005550       0x8f ./ra/fsp/src/bsp/cmsis/Device/RENESAS/Source/system.o

.debug_aranges  0x00000000      0x660
 .debug_aranges
                0x00000000      0x140 ./src/SEGGER_RTT/SEGGER_RTT.o
 .debug_aranges
                0x00000140       0x38 ./src/SEGGER_RTT/SEGGER_RTT_printf.o
 .debug_aranges
                0x00000178       0x20 ./src/hal_entry.o
 .debug_aranges
                0x00000198       0x20 ./src/hal_warmstart.o
 .debug_aranges
                0x000001b8       0x48 ./src/r_gpt_test_tg3_comp_pwm.o
 .debug_aranges
                0x00000200       0x20 ./ra_gen/common_data.o
 .debug_aranges
                0x00000220       0x20 ./ra_gen/hal_data.o
 .debug_aranges
                0x00000240       0x20 ./ra_gen/main.o
 .debug_aranges
                0x00000260       0x18 ./ra_gen/pin_data.o
 .debug_aranges
                0x00000278       0x18 ./ra_gen/vector_data.o
 .debug_aranges
                0x00000290       0xa0 ./ra/fsp/src/r_ioport/r_ioport.o
 .debug_aranges
                0x00000330       0x50 ./ra/fsp/src/r_gpt_three_phase/r_gpt_three_phase.o
 .debug_aranges
                0x00000380      0x108 ./ra/fsp/src/r_gpt/r_gpt.o
 .debug_aranges
                0x00000488       0x18 ./ra/fsp/src/bsp/mcu/ra2t1/bsp_linker.o
 .debug_aranges
                0x000004a0       0x58 ./ra/fsp/src/bsp/mcu/all/bsp_clocks.o
 .debug_aranges
                0x000004f8       0x30 ./ra/fsp/src/bsp/mcu/all/bsp_common.o
 .debug_aranges
                0x00000528       0x28 ./ra/fsp/src/bsp/mcu/all/bsp_delay.o
 .debug_aranges
                0x00000550       0x28 ./ra/fsp/src/bsp/mcu/all/bsp_group_irq.o
 .debug_aranges
                0x00000578       0x18 ./ra/fsp/src/bsp/mcu/all/bsp_io.o
 .debug_aranges
                0x00000590       0x58 ./ra/fsp/src/bsp/mcu/all/bsp_irq.o
 .debug_aranges
                0x000005e8       0x28 ./ra/fsp/src/bsp/cmsis/Device/RENESAS/Source/startup.o
 .debug_aranges
                0x00000610       0x30 ./ra/fsp/src/bsp/cmsis/Device/RENESAS/Source/system.o
 .debug_aranges
                0x00000640       0x20 ./ra/board/ra2t1_fpb/board_init.o

.debug_rnglists
                0x00000000      0xa98
 .debug_rnglists
                0x00000000      0x25f ./src/SEGGER_RTT/SEGGER_RTT.o
 .debug_rnglists
                0x0000025f       0x3b ./src/SEGGER_RTT/SEGGER_RTT_printf.o
 .debug_rnglists
                0x0000029a       0x13 ./src/hal_entry.o
 .debug_rnglists
                0x000002ad       0x13 ./src/hal_warmstart.o
 .debug_rnglists
                0x000002c0      0x25d ./src/r_gpt_test_tg3_comp_pwm.o
 .debug_rnglists
                0x0000051d       0x13 ./ra_gen/common_data.o
 .debug_rnglists
                0x00000530       0x13 ./ra_gen/hal_data.o
 .debug_rnglists
                0x00000543       0x13 ./ra_gen/main.o
 .debug_rnglists
                0x00000556       0x91 ./ra/fsp/src/r_ioport/r_ioport.o
 .debug_rnglists
                0x000005e7       0x87 ./ra/fsp/src/r_gpt_three_phase/r_gpt_three_phase.o
 .debug_rnglists
                0x0000066e      0x2ab ./ra/fsp/src/r_gpt/r_gpt.o
 .debug_rnglists
                0x00000919       0x57 ./ra/fsp/src/bsp/mcu/all/bsp_clocks.o
 .debug_rnglists
                0x00000970       0x1f ./ra/fsp/src/bsp/mcu/all/bsp_common.o
 .debug_rnglists
                0x0000098f       0x28 ./ra/fsp/src/bsp/mcu/all/bsp_delay.o
 .debug_rnglists
                0x000009b7       0x25 ./ra/fsp/src/bsp/mcu/all/bsp_group_irq.o
 .debug_rnglists
                0x000009dc       0x49 ./ra/fsp/src/bsp/mcu/all/bsp_irq.o
 .debug_rnglists
                0x00000a25       0x19 ./ra/fsp/src/bsp/cmsis/Device/RENESAS/Source/startup.o
 .debug_rnglists
                0x00000a3e       0x47 ./ra/fsp/src/bsp/cmsis/Device/RENESAS/Source/system.o
 .debug_rnglists
                0x00000a85       0x13 ./ra/board/ra2t1_fpb/board_init.o

.debug_line     0x00000000     0x8aa5
 .debug_line    0x00000000     0x15a0 ./src/SEGGER_RTT/SEGGER_RTT.o
 .debug_line    0x000015a0      0x6d5 ./src/SEGGER_RTT/SEGGER_RTT_printf.o
 .debug_line    0x00001c75       0x70 ./src/hal_entry.o
 .debug_line    0x00001ce5      0x432 ./src/hal_warmstart.o
 .debug_line    0x00002117     0x1552 ./src/r_gpt_test_tg3_comp_pwm.o
 .debug_line    0x00003669      0x315 ./ra_gen/common_data.o
 .debug_line    0x0000397e      0x378 ./ra_gen/hal_data.o
 .debug_line    0x00003cf6       0x5e ./ra_gen/main.o
 .debug_line    0x00003d54      0x26c ./ra_gen/pin_data.o
 .debug_line    0x00003fc0      0x18c ./ra_gen/vector_data.o
 .debug_line    0x0000414c      0x948 ./ra/fsp/src/r_ioport/r_ioport.o
 .debug_line    0x00004a94      0x746 ./ra/fsp/src/r_gpt_three_phase/r_gpt_three_phase.o
 .debug_line    0x000051da     0x18d1 ./ra/fsp/src/r_gpt/r_gpt.o
 .debug_line    0x00006aab      0x149 ./ra/fsp/src/bsp/mcu/ra2t1/bsp_linker.o
 .debug_line    0x00006bf4      0x64d ./ra/fsp/src/bsp/mcu/all/bsp_clocks.o
 .debug_line    0x00007241      0x2d2 ./ra/fsp/src/bsp/mcu/all/bsp_common.o
 .debug_line    0x00007513      0x2f9 ./ra/fsp/src/bsp/mcu/all/bsp_delay.o
 .debug_line    0x0000780c      0x352 ./ra/fsp/src/bsp/mcu/all/bsp_group_irq.o
 .debug_line    0x00007b5e      0x19c ./ra/fsp/src/bsp/mcu/all/bsp_io.o
 .debug_line    0x00007cfa      0x547 ./ra/fsp/src/bsp/mcu/all/bsp_irq.o
 .debug_line    0x00008241      0x201 ./ra/fsp/src/bsp/cmsis/Device/RENESAS/Source/startup.o
 .debug_line    0x00008442      0x608 ./ra/fsp/src/bsp/cmsis/Device/RENESAS/Source/system.o
 .debug_line    0x00008a4a       0x5b ./ra/board/ra2t1_fpb/board_init.o

.debug_str      0x00000000     0xdb5c
 .debug_str     0x00000000     0xdb5c ./src/SEGGER_RTT/SEGGER_RTT.o
                                0x731 (size before relaxing)
 .debug_str     0x0000db5c      0x33d ./src/SEGGER_RTT/SEGGER_RTT_printf.o
 .debug_str     0x0000db5c      0x1fa ./src/hal_entry.o
 .debug_str     0x0000db5c     0x377b ./src/hal_warmstart.o
 .debug_str     0x0000db5c     0x4b09 ./src/r_gpt_test_tg3_comp_pwm.o
 .debug_str     0x0000db5c     0x33d3 ./ra_gen/common_data.o
 .debug_str     0x0000db5c     0x46bd ./ra_gen/hal_data.o
 .debug_str     0x0000db5c      0x1e6 ./ra_gen/main.o
 .debug_str     0x0000db5c     0x1db6 ./ra_gen/pin_data.o
 .debug_str     0x0000db5c     0x2397 ./ra_gen/vector_data.o
 .debug_str     0x0000db5c     0x3b56 ./ra/fsp/src/r_ioport/r_ioport.o
 .debug_str     0x0000db5c     0x396d ./ra/fsp/src/r_gpt_three_phase/r_gpt_three_phase.o
 .debug_str     0x0000db5c     0x6cb3 ./ra/fsp/src/r_gpt/r_gpt.o
 .debug_str     0x0000db5c      0x52d ./ra/fsp/src/bsp/mcu/ra2t1/bsp_linker.o
 .debug_str     0x0000db5c     0x2454 ./ra/fsp/src/bsp/mcu/all/bsp_clocks.o
 .debug_str     0x0000db5c     0x1cc8 ./ra/fsp/src/bsp/mcu/all/bsp_common.o
 .debug_str     0x0000db5c      0x31c ./ra/fsp/src/bsp/mcu/all/bsp_delay.o
 .debug_str     0x0000db5c     0x222f ./ra/fsp/src/bsp/mcu/all/bsp_group_irq.o
 .debug_str     0x0000db5c      0x20f ./ra/fsp/src/bsp/mcu/all/bsp_io.o
 .debug_str     0x0000db5c     0x29ff ./ra/fsp/src/bsp/mcu/all/bsp_irq.o
 .debug_str     0x0000db5c      0x27e ./ra/fsp/src/bsp/cmsis/Device/RENESAS/Source/startup.o
 .debug_str     0x0000db5c      0x9dc ./ra/fsp/src/bsp/cmsis/Device/RENESAS/Source/system.o
 .debug_str     0x0000db5c      0x1f3 ./ra/board/ra2t1_fpb/board_init.o

.debug_frame    0x00000000      0xe94
 .debug_frame   0x00000000      0x430 ./src/SEGGER_RTT/SEGGER_RTT.o
 .debug_frame   0x00000430       0x88 ./src/SEGGER_RTT/SEGGER_RTT_printf.o
 .debug_frame   0x000004b8       0x28 ./src/hal_entry.o
 .debug_frame   0x000004e0       0x28 ./src/hal_warmstart.o
 .debug_frame   0x00000508       0xb8 ./src/r_gpt_test_tg3_comp_pwm.o
 .debug_frame   0x000005c0       0x20 ./ra_gen/common_data.o
 .debug_frame   0x000005e0       0x28 ./ra_gen/hal_data.o
 .debug_frame   0x00000608       0x28 ./ra_gen/main.o
 .debug_frame   0x00000630      0x164 ./ra/fsp/src/r_ioport/r_ioport.o
 .debug_frame   0x00000794       0xb4 ./ra/fsp/src/r_gpt_three_phase/r_gpt_three_phase.o
 .debug_frame   0x00000848      0x2ec ./ra/fsp/src/r_gpt/r_gpt.o
 .debug_frame   0x00000b34       0xb8 ./ra/fsp/src/bsp/mcu/all/bsp_clocks.o
 .debug_frame   0x00000bec       0x40 ./ra/fsp/src/bsp/mcu/all/bsp_common.o
 .debug_frame   0x00000c2c       0x3c ./ra/fsp/src/bsp/mcu/all/bsp_delay.o
 .debug_frame   0x00000c68       0x40 ./ra/fsp/src/bsp/mcu/all/bsp_group_irq.o
 .debug_frame   0x00000ca8       0xbc ./ra/fsp/src/bsp/mcu/all/bsp_irq.o
 .debug_frame   0x00000d64       0x38 ./ra/fsp/src/bsp/cmsis/Device/RENESAS/Source/startup.o
 .debug_frame   0x00000d9c       0x5c ./ra/fsp/src/bsp/cmsis/Device/RENESAS/Source/system.o
 .debug_frame   0x00000df8       0x20 ./ra/board/ra2t1_fpb/board_init.o
 .debug_frame   0x00000e18       0x34 C:/Renesas/RA/e2studio_v2025-10_fsp_v6.2.0/toolchains/gcc_arm/13.2.rel1/bin/../lib/gcc/arm-none-eabi/13.2.1/thumb/v8-m.base/nofp\libgcc.a(_muldi3.o)
 .debug_frame   0x00000e4c       0x20 C:/Renesas/RA/e2studio_v2025-10_fsp_v6.2.0/toolchains/gcc_arm/13.2.rel1/bin/../lib/gcc/arm-none-eabi/13.2.1/thumb/v8-m.base/nofp\libg_nano.a(libc_a-memset.o)
 .debug_frame   0x00000e6c       0x28 C:/Renesas/RA/e2studio_v2025-10_fsp_v6.2.0/toolchains/gcc_arm/13.2.rel1/bin/../lib/gcc/arm-none-eabi/13.2.1/thumb/v8-m.base/nofp\libg_nano.a(libc_a-memcpy-stub.o)

.debug_line_str
                0x00000000       0xce
 .debug_line_str
                0x00000000       0xce C:/Renesas/RA/e2studio_v2025-10_fsp_v6.2.0/toolchains/gcc_arm/13.2.rel1/bin/../lib/gcc/arm-none-eabi/13.2.1/thumb/v8-m.base/nofp\libgcc.a(_thumb1_case_shi.o)
