Archive member included to satisfy reference by file (symbol)

C:/Program Files (x86)/Arm GNU Toolchain arm-none-eabi/13.2 Rel1/bin/../lib/gcc/arm-none-eabi/13.2.1/thumb/v8-m.base/nofp\libgcc.a(_thumb1_case_shi.o)
                              ./src/SEGGER_RTT/SEGGER_RTT_printf.o (__gnu_thumb1_case_shi)
C:/Program Files (x86)/Arm GNU Toolchain arm-none-eabi/13.2 Rel1/bin/../lib/gcc/arm-none-eabi/13.2.1/thumb/v8-m.base/nofp\libgcc.a(_muldi3.o)
                              ./ra/fsp/src/bsp/mcu/all/bsp_delay.o (__aeabi_lmul)
C:/Program Files (x86)/Arm GNU Toolchain arm-none-eabi/13.2 Rel1/bin/../lib/gcc/arm-none-eabi/13.2.1/thumb/v8-m.base/nofp\libg_nano.a(libc_a-exit.o)
                              C:/Program Files (x86)/Arm GNU Toolchain arm-none-eabi/13.2 Rel1/bin/../lib/gcc/arm-none-eabi/13.2.1/thumb/v8-m.base/nofp/crt0.o (exit)
C:/Program Files (x86)/Arm GNU Toolchain arm-none-eabi/13.2 Rel1/bin/../lib/gcc/arm-none-eabi/13.2.1/thumb/v8-m.base/nofp\libg_nano.a(libc_a-findfp.o)
                              C:/Program Files (x86)/Arm GNU Toolchain arm-none-eabi/13.2 Rel1/bin/../lib/gcc/arm-none-eabi/13.2.1/thumb/v8-m.base/nofp\libg_nano.a(libc_a-exit.o) (__stdio_exit_handler)
C:/Program Files (x86)/Arm GNU Toolchain arm-none-eabi/13.2 Rel1/bin/../lib/gcc/arm-none-eabi/13.2.1/thumb/v8-m.base/nofp\libg_nano.a(libc_a-fwalk.o)
                              C:/Program Files (x86)/Arm GNU Toolchain arm-none-eabi/13.2 Rel1/bin/../lib/gcc/arm-none-eabi/13.2.1/thumb/v8-m.base/nofp\libg_nano.a(libc_a-findfp.o) (_fwalk_sglue)
C:/Program Files (x86)/Arm GNU Toolchain arm-none-eabi/13.2 Rel1/bin/../lib/gcc/arm-none-eabi/13.2.1/thumb/v8-m.base/nofp\libg_nano.a(libc_a-stdio.o)
                              C:/Program Files (x86)/Arm GNU Toolchain arm-none-eabi/13.2 Rel1/bin/../lib/gcc/arm-none-eabi/13.2.1/thumb/v8-m.base/nofp\libg_nano.a(libc_a-findfp.o) (__sread)
C:/Program Files (x86)/Arm GNU Toolchain arm-none-eabi/13.2 Rel1/bin/../lib/gcc/arm-none-eabi/13.2.1/thumb/v8-m.base/nofp\libg_nano.a(libc_a-memset.o)
                              C:/Program Files (x86)/Arm GNU Toolchain arm-none-eabi/13.2 Rel1/bin/../lib/gcc/arm-none-eabi/13.2.1/thumb/v8-m.base/nofp/crt0.o (memset)
C:/Program Files (x86)/Arm GNU Toolchain arm-none-eabi/13.2 Rel1/bin/../lib/gcc/arm-none-eabi/13.2.1/thumb/v8-m.base/nofp\libg_nano.a(libc_a-closer.o)
                              C:/Program Files (x86)/Arm GNU Toolchain arm-none-eabi/13.2 Rel1/bin/../lib/gcc/arm-none-eabi/13.2.1/thumb/v8-m.base/nofp\libg_nano.a(libc_a-stdio.o) (_close_r)
C:/Program Files (x86)/Arm GNU Toolchain arm-none-eabi/13.2 Rel1/bin/../lib/gcc/arm-none-eabi/13.2.1/thumb/v8-m.base/nofp\libg_nano.a(libc_a-reent.o)
                              C:/Program Files (x86)/Arm GNU Toolchain arm-none-eabi/13.2 Rel1/bin/../lib/gcc/arm-none-eabi/13.2.1/thumb/v8-m.base/nofp\libg_nano.a(libc_a-closer.o) (errno)
C:/Program Files (x86)/Arm GNU Toolchain arm-none-eabi/13.2 Rel1/bin/../lib/gcc/arm-none-eabi/13.2.1/thumb/v8-m.base/nofp\libg_nano.a(libc_a-impure.o)
                              C:/Program Files (x86)/Arm GNU Toolchain arm-none-eabi/13.2 Rel1/bin/../lib/gcc/arm-none-eabi/13.2.1/thumb/v8-m.base/nofp\libg_nano.a(libc_a-reent.o) (_impure_ptr)
C:/Program Files (x86)/Arm GNU Toolchain arm-none-eabi/13.2 Rel1/bin/../lib/gcc/arm-none-eabi/13.2.1/thumb/v8-m.base/nofp\libg_nano.a(libc_a-lseekr.o)
                              C:/Program Files (x86)/Arm GNU Toolchain arm-none-eabi/13.2 Rel1/bin/../lib/gcc/arm-none-eabi/13.2.1/thumb/v8-m.base/nofp\libg_nano.a(libc_a-stdio.o) (_lseek_r)
C:/Program Files (x86)/Arm GNU Toolchain arm-none-eabi/13.2 Rel1/bin/../lib/gcc/arm-none-eabi/13.2.1/thumb/v8-m.base/nofp\libg_nano.a(libc_a-readr.o)
                              C:/Program Files (x86)/Arm GNU Toolchain arm-none-eabi/13.2 Rel1/bin/../lib/gcc/arm-none-eabi/13.2.1/thumb/v8-m.base/nofp\libg_nano.a(libc_a-stdio.o) (_read_r)
C:/Program Files (x86)/Arm GNU Toolchain arm-none-eabi/13.2 Rel1/bin/../lib/gcc/arm-none-eabi/13.2.1/thumb/v8-m.base/nofp\libg_nano.a(libc_a-writer.o)
                              C:/Program Files (x86)/Arm GNU Toolchain arm-none-eabi/13.2 Rel1/bin/../lib/gcc/arm-none-eabi/13.2.1/thumb/v8-m.base/nofp\libg_nano.a(libc_a-stdio.o) (_write_r)
C:/Program Files (x86)/Arm GNU Toolchain arm-none-eabi/13.2 Rel1/bin/../lib/gcc/arm-none-eabi/13.2.1/thumb/v8-m.base/nofp\libg_nano.a(libc_a-errno.o)
                              ./ra/fsp/src/bsp/mcu/all/bsp_sbrk.o (__errno)
C:/Program Files (x86)/Arm GNU Toolchain arm-none-eabi/13.2 Rel1/bin/../lib/gcc/arm-none-eabi/13.2.1/thumb/v8-m.base/nofp\libg_nano.a(libc_a-init.o)
                              C:/Program Files (x86)/Arm GNU Toolchain arm-none-eabi/13.2 Rel1/bin/../lib/gcc/arm-none-eabi/13.2.1/thumb/v8-m.base/nofp/crt0.o (__libc_init_array)
C:/Program Files (x86)/Arm GNU Toolchain arm-none-eabi/13.2 Rel1/bin/../lib/gcc/arm-none-eabi/13.2.1/thumb/v8-m.base/nofp\libg_nano.a(libc_a-lock.o)
[...]
Memory Configuration

Name             Origin             Length             Attributes
RAM              0x20004000         0x00002000         xrw
FLASH            0x00000440         0x0000fbc0         xr
DATA_FLASH       0x40100000         0x00000800         xr
OPTION_SETTING_OFS0 0x00000400         0x00000004         r
OPTION_SETTING_OFS1 0x00000404         0x00000004         r
OPTION_SETTING_SECMPU 0x00000408         0x00000034         r
OPTION_SETTING_OSIS 0x01010018         0x00000020         r
FLASH_GAP        0x00000000         0x00000400         xr
*default*        0x00000000         0xffffffff

Linker script and memory map

LOAD C:/Program Files (x86)/Arm GNU Toolchain arm-none-eabi/13.2 Rel1/bin/../lib/gcc/arm-none-eabi/13.2.1/thumb/v8-m.base/nofp/crti.o
LOAD C:/Program Files (x86)/Arm GNU Toolchain arm-none-eabi/13.2 Rel1/bin/../lib/gcc/arm-none-eabi/13.2.1/thumb/v8-m.base/nofp/crtbegin.o
LOAD C:/Program Files (x86)/Arm GNU Toolchain arm-none-eabi/13.2 Rel1/bin/../lib/gcc/arm-none-eabi/13.2.1/thumb/v8-m.base/nofp/crt0.o
LOAD ./src/SEGGER_RTT/SEGGER_RTT.o
LOAD ./src/SEGGER_RTT/SEGGER_RTT_printf.o
LOAD ./src/hal_entry.o
LOAD ./src/hal_warmstart.o
LOAD ./src/r_gpt_test_tg3_comp_pwm.o
LOAD ./ra_gen/common_data.o
LOAD ./ra_gen/hal_data.o
LOAD ./ra_gen/main.o
LOAD ./ra_gen/pin_data.o
LOAD ./ra_gen/vector_data.o
LOAD ./ra/fsp/src/r_ioport/r_ioport.o
LOAD ./ra/fsp/src/r_gpt_three_phase/r_gpt_three_phase.o
LOAD ./ra/fsp/src/r_gpt/r_gpt.o
LOAD ./ra/fsp/src/bsp/mcu/ra2t1/bsp_linker.o
LOAD ./ra/fsp/src/bsp/mcu/all/bsp_clocks.o
LOAD ./ra/fsp/src/bsp/mcu/all/bsp_common.o
LOAD ./ra/fsp/src/bsp/mcu/all/bsp_delay.o
LOAD ./ra/fsp/src/bsp/mcu/all/bsp_group_irq.o
LOAD ./ra/fsp/src/bsp/mcu/all/bsp_guard.o
LOAD ./ra/fsp/src/bsp/mcu/all/bsp_io.o
LOAD ./ra/fsp/src/bsp/mcu/all/bsp_ipc.o
LOAD ./ra/fsp/src/bsp/mcu/all/bsp_irq.o
LOAD ./ra/fsp/src/bsp/mcu/all/bsp_macl.o
LOAD ./ra/fsp/src/bsp/mcu/all/bsp_ospi_b.o
LOAD ./ra/fsp/src/bsp/mcu/all/bsp_register_protection.o
LOAD ./ra/fsp/src/bsp/mcu/all/bsp_sbrk.o
LOAD ./ra/fsp/src/bsp/mcu/all/bsp_sdram.o
LOAD ./ra/fsp/src/bsp/mcu/all/bsp_security.o
LOAD ./ra/fsp/src/bsp/cmsis/Device/RENESAS/Source/startup.o
LOAD ./ra/fsp/src/bsp/cmsis/Device/RENESAS/Source/system.o
LOAD ./ra/board/ra2t1_fpb/board_init.o
LOAD ./ra/board/ra2t1_fpb/board_leds.o
START GROUP
LOAD C:/Program Files (x86)/Arm GNU Toolchain arm-none-eabi/13.2 Rel1/bin/../lib/gcc/arm-none-eabi/13.2.1/thumb/v8-m.base/nofp\libgcc.a
LOAD C:/Program Files (x86)/Arm GNU Toolchain arm-none-eabi/13.2 Rel1/bin/../lib/gcc/arm-none-eabi/13.2.1/thumb/v8-m.base/nofp\libg_nano.a
LOAD C:/Program Files (x86)/Arm GNU Toolchain arm-none-eabi/13.2 Rel1/bin/../lib/gcc/arm-none-eabi/13.2.1/thumb/v8-m.base/nofp\libc_nano.a
END GROUP
START GROUP
LOAD C:/Program Files (x86)/Arm GNU Toolchain arm-none-eabi/13.2 Rel1/bin/../lib/gcc/arm-none-eabi/13.2.1/thumb/v8-m.base/nofp\libgcc.a
LOAD C:/Program Files (x86)/Arm GNU Toolchain arm-none-eabi/13.2 Rel1/bin/../lib/gcc/arm-none-eabi/13.2.1/thumb/v8-m.base/nofp\libc_nano.a
END GROUP
LOAD C:/Program Files (x86)/Arm GNU Toolchain arm-none-eabi/13.2 Rel1/bin/../lib/gcc/arm-none-eabi/13.2.1/thumb/v8-m.base/nofp/crtend.o
LOAD C:/Program Files (x86)/Arm GNU Toolchain arm-none-eabi/13.2 Rel1/bin/../lib/gcc/arm-none-eabi/13.2.1/thumb/v8-m.base/nofp/crtn.o
                0x20004000                        RAM_START = 0x20004000
                0x00002000                        RAM_LENGTH = 0x2000
                0x00000440                        FLASH_START = 0x440
                0x0000fbc0                        FLASH_LENGTH = 0xfbc0
                0x40100000                        DATA_FLASH_START = 0x40100000
                0x00000800                        DATA_FLASH_LENGTH = 0x800
                0x00000400                        OPTION_SETTING_OFS0_START = 0x400
                0x00000004                        OPTION_SETTING_OFS0_LENGTH = 0x4
                0x00000404                        OPTION_SETTING_OFS1_START = 0x404
                0x00000004                        OPTION_SETTING_OFS1_LENGTH = 0x4
                0x00000408                        OPTION_SETTING_SECMPU_START = 0x408
                0x00000034                        OPTION_SETTING_SECMPU_LENGTH = 0x34
                0x01010018                        OPTION_SETTING_OSIS_START = 0x1010018
                0x00000020                        OPTION_SETTING_OSIS_LENGTH = 0x20
                0x00000000                        FLASH_GAP_START = 0x0
                0x00000400                        FLASH_GAP_LENGTH = 0x400
START GROUP
LOAD C:/Program Files (x86)/Arm GNU Toolchain arm-none-eabi/13.2 Rel1/bin/../lib/gcc/arm-none-eabi/13.2.1/thumb/v8-m.base/nofp\libgcc.a
LOAD C:/Program Files (x86)/Arm GNU Toolchain arm-none-eabi/13.2 Rel1/bin/../lib/gcc/arm-none-eabi/13.2.1/thumb/v8-m.base/nofp\libc.a
LOAD C:/Program Files (x86)/Arm GNU Toolchain arm-none-eabi/13.2 Rel1/bin/../lib/gcc/arm-none-eabi/13.2.1/thumb/v8-m.base/nofp\libm.a
END GROUP

.data_flash.startof
                0x40100000        0x0
                0x40100000                        __ddsc_DATA_FLASH_START = .

.ram.startof    0x20004000        0x0
                0x20004000                        __ddsc_RAM_START = .

__ram_dtc_vector$$
                0x20004000        0x0
                0x20004000                        __ram_dtc_vector$$Base = .
 *(.fsp_dtc_vector_table)
                0x20004000                        __ram_dtc_vector$$Limit = .

__ram_from_data_flash$$
                0x20004000        0x0 load address 0x40100000
                0x20004000                        __ram_from_data_flash$$Base = .
                0x40100000                        __ram_from_data_flash$$Load = LOADADDR (__ram_from_data_flash$$)
 *(.ram_from_data_flash)
 *(.ram_code_from_data_flash)
                0x20004000                        __ram_from_data_flash$$Limit = .

__data_flash_readonly$$
                0x40100000        0x0
                0x40100000                        __data_flash_readonly$$Base = .
 *(.data_flash)
 *(.data_flash_code)
                0x40100000                        __data_flash_readonly$$Limit = .

__data_flash_noinit$$
                0x40100000        0x0
                0x40100000                        __data_flash_noinit$$Base = .
 *(.data_flash_noinit)
                0x40100000                        __data_flash_noinit$$Limit = .

.data_flash.endof
                0x40100000        0x0
                0x40100000                        __ddsc_DATA_FLASH_END = .

.flash.startof  0x00000000        0x0
                0x00000000                        __ddsc_FLASH_START = .

__flash_vectors$$
                0x00000000       0x40
                0x00000000                        __flash_vectors$$Base = .
                0x00000000                        _VECTORS = .
 *(.fixed_vectors)
 .fixed_vectors
                0x00000000       0x40 ./ra/fsp/src/bsp/cmsis/Device/RENESAS/Source/startup.o
                0x00000000                __Vectors
 *(.application_vectors)
                0x00000040                        __flash_vectors$$Limit = .

__flash_readonly_gap$$
                0x00000040      0x138
                0x00000040                        __flash_readonly_gap$$Base = .
 *bsp_linker.?*(.rodata.*)
 .rodata.g_init_info
                0x00000040       0x10 ./ra/fsp/src/bsp/mcu/ra2t1/bsp_linker.o
                0x00000040                g_init_info
 .rodata.copy_list
                0x00000050       0x20 ./ra/fsp/src/bsp/mcu/ra2t1/bsp_linker.o
 .rodata.zero_list
                0x00000070        0xc ./ra/fsp/src/bsp/mcu/ra2t1/bsp_linker.o
 *(.flash_gap)
 *startup.?*(.text.Reset_Handler)
 .text.Reset_Handler
                0x0000007c        0xc ./ra/fsp/src/bsp/cmsis/Device/RENESAS/Source/startup.o
                0x0000007c                Reset_Handler
 *system.?*(.text.*)
 .text.SystemRuntimeInit
                0x00000088       0x58 ./ra/fsp/src/bsp/cmsis/Device/RENESAS/Source/system.o
 .text.SystemInit
                0x000000e0       0x98 ./ra/fsp/src/bsp/cmsis/Device/RENESAS/Source/system.o
                0x000000e0                SystemInit
 *(.flash_gap_code)
                0x00000178                        __flash_readonly_gap$$Limit = .

__flash_noinit$$
                0x00000440        0x0
                0x00000440                        __flash_noinit$$Base = .
 *(.flash_noinit)
                0x00000440                        __flash_noinit$$Limit = .

__ram_from_flash$$
                0x20004000        0x0 load address 0x00000440
                0x20004000                        __ram_from_flash$$Base = .
                0x00000440                        __ram_from_flash$$Load = LOADADDR (__ram_from_flash$$)
 *(.ram_from_flash)
 *(.ram_code_from_flash)
 *(.data*)
 *(vtable)
                0x20004000                        __ram_from_flash$$Limit = .

__ram_noinit$$  0x20004000      0x414 load address 0x00000440
                0x20004000                        __ram_noinit$$Base = .
 *(.bss.g_heap)
 *(.bss.g_main_stack)
 .bss.g_main_stack
                0x20004000      0x400 ./ra/fsp/src/bsp/cmsis/Device/RENESAS/Source/startup.o
                0x20004000                g_main_stack
 *(.ram_noinit)
 .ram_noinit    0x20004400       0x14 ./ra/fsp/src/bsp/mcu/all/bsp_clocks.o
 *(.noinit)
                0x20004414                        __ram_noinit$$Limit = .

__ram_zero$$    0x20004414       0x60 load address 0x00000440
                0x20004414                        __ram_zero$$Base = .
 *(.ram)
 *(.bss*)
 .bss.completed.1
                0x20004414        0x1 C:/Program Files (x86)/Arm GNU Toolchain arm-none-eabi/13.2 Rel1/bin/../lib/gcc/arm-none-eabi/13.2.1/thumb/v8-m.base/nofp/crtbegin.o
 *fill*         0x20004415        0x3 
 .bss.object.0  0x20004418       0x18 C:/Program Files (x86)/Arm GNU Toolchain arm-none-eabi/13.2 Rel1/bin/../lib/gcc/arm-none-eabi/13.2.1/thumb/v8-m.base/nofp/crtbegin.o
 .bss.g_ioport_ctrl
                0x20004430        0x8 ./ra_gen/common_data.o
                0x20004430                g_ioport_ctrl
 .bss.g_bsp_group_irq_sources
                0x20004438       0x34 ./ra/fsp/src/bsp/mcu/all/bsp_group_irq.o
                0x20004438                g_bsp_group_irq_sources
 .bss.g_protect_pfswe_counter
                0x2000446c        0x4 ./ra/fsp/src/bsp/mcu/all/bsp_io.o
                0x2000446c                g_protect_pfswe_counter
 .bss.SystemCoreClock
                0x20004470        0x4 ./ra/fsp/src/bsp/cmsis/Device/RENESAS/Source/system.o
                0x20004470                SystemCoreClock
                0x20004474                        __ram_zero$$Limit = .

__ram_thread_stack$$
                0x20004478        0x0 load address 0x00000440
                0x20004478                        __ram_thread_stack$$Base = .
 *(.stack?*)
                0x20004478                        __ram_thread_stack$$Limit = .

.ram.endof      0x20004600        0x0
                0x20004600                        __ddsc_RAM_END = .

__flash_readonly$$
                0x00000440      0x4dc
                0x00000440                        __flash_readonly$$Base = .
 *(.flash)
 *(.flash_code)
 *(.text*)
 .text.deregister_tm_clones
                0x00000440       0x24 C:/Program Files (x86)/Arm GNU Toolchain arm-none-eabi/13.2 Rel1/bin/../lib/gcc/arm-none-eabi/13.2.1/thumb/v8-m.base/nofp/crtbegin.o
 .text.register_tm_clones
                0x00000464       0x2c C:/Program Files (x86)/Arm GNU Toolchain arm-none-eabi/13.2 Rel1/bin/../lib/gcc/arm-none-eabi/13.2.1/thumb/v8-m.base/nofp/crtbegin.o
 .text.__do_global_dtors_aux
                0x00000490       0x30 C:/Program Files (x86)/Arm GNU Toolchain arm-none-eabi/13.2 Rel1/bin/../lib/gcc/arm-none-eabi/13.2.1/thumb/v8-m.base/nofp/crtbegin.o
 .text.frame_dummy
                0x000004c0       0x28 C:/Program Files (x86)/Arm GNU Toolchain arm-none-eabi/13.2 Rel1/bin/../lib/gcc/arm-none-eabi/13.2.1/thumb/v8-m.base/nofp/crtbegin.o
 .text.hal_entry
                0x000004e8        0x2 ./src/hal_entry.o
                0x000004e8                hal_entry
 *fill*         0x000004ea        0x2 
 .text.R_BSP_WarmStart
                0x000004ec       0x28 ./src/hal_warmstart.o
                0x000004ec                R_BSP_WarmStart
 .text.startup.main
                0x00000514        0xa ./ra_gen/main.o
                0x00000514                main
 *fill*         0x0000051e        0x2 
 .text.R_BSP_PinAccessEnable
                0x00000520       0x2c ./ra/fsp/src/r_ioport/r_ioport.o
 .text.R_BSP_PinAccessDisable
                0x0000054c       0x30 ./ra/fsp/src/r_ioport/r_ioport.o
 .text.r_ioport_pfs_write
                0x0000057c       0x30 ./ra/fsp/src/r_ioport/r_ioport.o
 .text.r_ioport_pins_config
                0x000005ac       0x2a ./ra/fsp/src/r_ioport/r_ioport.o
 *fill*         0x000005d6        0x2 
 .text.R_IOPORT_Open
                0x000005d8       0x14 ./ra/fsp/src/r_ioport/r_ioport.o
                0x000005d8                R_IOPORT_Open
 .text.bsp_prv_operating_mode_opccr_set
                0x000005ec       0x34 ./ra/fsp/src/bsp/mcu/all/bsp_clocks.o
 .text.SystemCoreClockUpdate
                0x00000620       0x28 ./ra/fsp/src/bsp/mcu/all/bsp_clocks.o
                0x00000620                SystemCoreClockUpdate
 .text.bsp_clock_init
                0x00000648       0xb4 ./ra/fsp/src/bsp/mcu/all/bsp_clocks.o
                0x00000648                bsp_clock_init
 .text.NMI_Handler
                0x000006fc       0x40 ./ra/fsp/src/bsp/mcu/all/bsp_group_irq.o
                0x000006fc                NMI_Handler
 .text.bsp_irq_cfg
                0x0000073c       0x18 ./ra/fsp/src/bsp/mcu/all/bsp_irq.o
                0x0000073c                bsp_irq_cfg
 .text.Default_Handler
                0x00000754        0x4 ./ra/fsp/src/bsp/cmsis/Device/RENESAS/Source/startup.o
                0x00000754                DebugMon_Handler
                0x00000754                HardFault_Handler
                0x00000754                SysTick_Handler
                0x00000754                PendSV_Handler
                0x00000754                UsageFault_Handler
                0x00000754                SecureFault_Handler
                0x00000754                Default_Handler
                0x00000754                MemManage_Handler
                0x00000754                SVC_Handler
                0x00000754                BusFault_Handler
 .text.bsp_init
                0x00000758        0x2 ./ra/board/ra2t1_fpb/board_init.o
                0x00000758                bsp_init
 .text.memset   0x0000075a       0x10 C:/Program Files (x86)/Arm GNU Toolchain arm-none-eabi/13.2 Rel1/bin/../lib/gcc/arm-none-eabi/13.2.1/thumb/v8-m.base/nofp\libg_nano.a(libc_a-memset.o)
                0x0000075a                memset
 .text.memcpy   0x0000076a       0x12 C:/Program Files (x86)/Arm GNU Toolchain arm-none-eabi/13.2 Rel1/bin/../lib/gcc/arm-none-eabi/13.2.1/thumb/v8-m.base/nofp\libg_nano.a(libc_a-memcpy-stub.o)
                0x0000076a                memcpy
 *(.rodata*)
 .rodata.g_bsp_pin_cfg
                0x0000077c        0xc ./ra_gen/pin_data.o
                0x0000077c                g_bsp_pin_cfg
 .rodata.g_bsp_pin_cfg_data
                0x00000788      0x140 ./ra_gen/pin_data.o
                0x00000788                g_bsp_pin_cfg_data
 .rodata.g_interrupt_event_link_select
                0x000008c8        0x1 ./ra/fsp/src/bsp/mcu/all/bsp_irq.o
                0x000008c8                g_interrupt_event_link_select
 *(.mcuboot_sce9_key)
 *(.version)
 *fill*         0x000008c9        0x3 
 .version       0x000008cc       0x50 ./ra/fsp/src/bsp/mcu/all/bsp_common.o
                0x0000091c                        __flash_readonly$$Limit = .

.glue_7         0x0000091c        0x0
 .glue_7        0x0000091c        0x0 linker stubs

.glue_7t        0x0000091c        0x0
 .glue_7t       0x0000091c        0x0 linker stubs

.vfp11_veneer   0x0000091c        0x0
 .vfp11_veneer  0x0000091c        0x0 linker stubs

.v4_bx          0x0000091c        0x0
 .v4_bx         0x0000091c        0x0 linker stubs

.init           0x0000091c        0x4
 .init          0x0000091c        0x4 C:/Program Files (x86)/Arm GNU Toolchain arm-none-eabi/13.2 Rel1/bin/../lib/gcc/arm-none-eabi/13.2.1/thumb/v8-m.base/nofp/crti.o
                0x0000091c                _init

.fini           0x00000920        0x4
 .fini          0x00000920        0x4 C:/Program Files (x86)/Arm GNU Toolchain arm-none-eabi/13.2 Rel1/bin/../lib/gcc/arm-none-eabi/13.2.1/thumb/v8-m.base/nofp/crti.o
                0x00000920                _fini

.iplt           0x00000924        0x0
 .iplt          0x00000924        0x0 C:/Program Files (x86)/Arm GNU Toolchain arm-none-eabi/13.2 Rel1/bin/../lib/gcc/arm-none-eabi/13.2.1/thumb/v8-m.base/nofp/crtbegin.o

__flash_ctor$$
 *crtbegin.o(.ctors)
 *crtbegin?.o(.ctors)
 EXCLUDE_FILE(*crtend.o *crtend?.o) *(.ctors)
 *(SORT_BY_NAME(.ctors.*))
 *(.ctors)
 *crtbegin.o(.dtors)
 *crtbegin?.o(.dtors)
 EXCLUDE_FILE(*crtend.o *crtend?.o) *(.dtors)
 *(SORT_BY_NAME(.dtors.*))
 *(.dtors)

__flash_preinit_array$$
                0x00000924        0x0
                0x00000924                        __preinit_array_start = .
 *(.preinit_array)
                0x00000924                        __preinit_array_end = .

__flash_.got$$
 *(.got.plt)
 *(.got)

__flash_init_array$$
                0x00000924        0x4
                0x00000924                        __init_array_start = .
 *(SORT_BY_NAME(.init_array.*))
 *(.init_array)
 .init_array    0x00000924        0x4 C:/Program Files (x86)/Arm GNU Toolchain arm-none-eabi/13.2 Rel1/bin/../lib/gcc/arm-none-eabi/13.2.1/thumb/v8-m.base/nofp/crtbegin.o
                0x00000928                        __init_array_end = .

__flash_fini_array$$
                0x00000928        0x4
                0x00000928                        __fini_array_start = .
 *(SORT_BY_NAME(.fini_array.*))
 *(.fini_array)
 .fini_array    0x00000928        0x4 C:/Program Files (x86)/Arm GNU Toolchain arm-none-eabi/13.2 Rel1/bin/../lib/gcc/arm-none-eabi/13.2.1/thumb/v8-m.base/nofp/crtbegin.o
                0x0000092c                        __fini_array_end = .

__flash_arm.extab$$
 *(.ARM.extab*)
 *(.gnu.linkonce.armextab.*)

__flash_arm.exidx$$
                0x0000092c        0x0
                0x0000092c                        __exidx_start = .
 *(.ARM.exidx*)
 *(.gnu.linkonce.armexidx.*)
                0x0000092c                        __exidx_end = .

.flash.endof    0x00000a00        0x0
                0x00000a00                        __ddsc_FLASH_END = .

.option_setting_ofs0.startof
                0x00000400        0x0
                0x00000400                        __ddsc_OPTION_SETTING_OFS0_START = .

__option_setting_ofs0_reg$$
                0x00000400        0x4
                0x00000400                        __option_setting_ofs0_reg$$Base = .
 *(.option_setting_ofs0)
 .option_setting_ofs0
                0x00000400        0x4 ./ra/fsp/src/bsp/mcu/ra2t1/bsp_linker.o
                0x00000404                        __option_setting_ofs0_reg$$Limit = .

.option_setting_ofs0.endof
                0x00000404        0x0
                0x00000404                        __ddsc_OPTION_SETTING_OFS0_END = .

.option_setting_ofs1.startof
                0x00000404        0x0
                0x00000404                        __ddsc_OPTION_SETTING_OFS1_START = .

__option_setting_ofs1_reg$$
                0x00000404        0x4
                0x00000404                        __option_setting_ofs1_reg$$Base = .
 *(.option_setting_ofs1)
 .option_setting_ofs1
                0x00000404        0x4 ./ra/fsp/src/bsp/mcu/ra2t1/bsp_linker.o
                0x00000408                        __option_setting_ofs1_reg$$Limit = .

.eh_frame       0x00000408        0x0
 .eh_frame      0x00000408        0x0 C:/Program Files (x86)/Arm GNU Toolchain arm-none-eabi/13.2 Rel1/bin/../lib/gcc/arm-none-eabi/13.2.1/thumb/v8-m.base/nofp/crtbegin.o

.rel.dyn        0x00000408        0x0
 .rel.iplt      0x00000408        0x0 C:/Program Files (x86)/Arm GNU Toolchain arm-none-eabi/13.2 Rel1/bin/../lib/gcc/arm-none-eabi/13.2.1/thumb/v8-m.base/nofp/crtbegin.o

.tm_clone_table
                0x00000408        0x0
 .tm_clone_table
                0x00000408        0x0 C:/Program Files (x86)/Arm GNU Toolchain arm-none-eabi/13.2 Rel1/bin/../lib/gcc/arm-none-eabi/13.2.1/thumb/v8-m.base/nofp/crtbegin.o
 .tm_clone_table
                0x00000408        0x0 C:/Program Files (x86)/Arm GNU Toolchain arm-none-eabi/13.2 Rel1/bin/../lib/gcc/arm-none-eabi/13.2.1/thumb/v8-m.base/nofp/crtend.o

.igot.plt       0x0000092c        0x0
 .igot.plt      0x0000092c        0x0 C:/Program Files (x86)/Arm GNU Toolchain arm-none-eabi/13.2 Rel1/bin/../lib/gcc/arm-none-eabi/13.2.1/thumb/v8-m.base/nofp/crtbegin.o

.option_setting_ofs1.endof
                0x00000408        0x0
                0x00000408                        __ddsc_OPTION_SETTING_OFS1_END = .

.option_setting_secmpu.startof
                0x00000408        0x0
                0x00000408                        __ddsc_OPTION_SETTING_SECMPU_START = .

__option_setting_secmpu_reg$$
                0x00000408        0x0
                0x00000408                        __option_setting_secmpu_reg$$Base = .
 *(.option_setting_secmpu)
                0x00000408                        __option_setting_secmpu_reg$$Limit = .

.option_setting_secmpu.endof
                0x00000408        0x0
                0x00000408                        __ddsc_OPTION_SETTING_SECMPU_END = .

.option_setting_osis.startof
                0x01010018        0x0
                0x01010018                        __ddsc_OPTION_SETTING_OSIS_START = .

__option_setting_osis_reg$$
                0x01010018        0x0
                0x01010018                        __option_setting_osis_reg$$Base = .
 *(.option_setting_osis)
                0x01010018                        __option_setting_osis_reg$$Limit = .

.option_setting_osis.endof
                0x01010018        0x0
                0x01010018                        __ddsc_OPTION_SETTING_OSIS_END = .
OUTPUT(compl_pwm.elf elf32-littlearm)
LOAD linker stubs

.ARM.attributes
                0x00000000       0x2c
 .ARM.attributes
                0x00000000       0x22 C:/Program Files (x86)/Arm GNU Toolchain arm-none-eabi/13.2 Rel1/bin/../lib/gcc/arm-none-eabi/13.2.1/thumb/v8-m.base/nofp/crti.o
 .ARM.attributes
                0x00000022       0x30 C:/Program Files (x86)/Arm GNU Toolchain arm-none-eabi/13.2 Rel1/bin/../lib/gcc/arm-none-eabi/13.2.1/thumb/v8-m.base/nofp/crtbegin.o
 .ARM.attributes
                0x00000052       0x30 ./src/hal_entry.o
 .ARM.attributes
                0x00000082       0x30 ./src/hal_warmstart.o
 .ARM.attributes
                0x000000b2       0x30 ./ra_gen/common_data.o
 .ARM.attributes
                0x000000e2       0x30 ./ra_gen/main.o
 .ARM.attributes
                0x00000112       0x30 ./ra_gen/pin_data.o
 .ARM.attributes
                0x00000142       0x30 ./ra/fsp/src/r_ioport/r_ioport.o
 .ARM.attributes
                0x00000172       0x30 ./ra/fsp/src/bsp/mcu/ra2t1/bsp_linker.o
 .ARM.attributes
                0x000001a2       0x30 ./ra/fsp/src/bsp/mcu/all/bsp_clocks.o
 .ARM.attributes
                0x000001d2       0x30 ./ra/fsp/src/bsp/mcu/all/bsp_common.o
 .ARM.attributes
                0x00000202       0x30 ./ra/fsp/src/bsp/mcu/all/bsp_group_irq.o
 .ARM.attributes
                0x00000232       0x30 ./ra/fsp/src/bsp/mcu/all/bsp_io.o
 .ARM.attributes
                0x00000262       0x30 ./ra/fsp/src/bsp/mcu/all/bsp_irq.o
 .ARM.attributes
                0x00000292       0x30 ./ra/fsp/src/bsp/cmsis/Device/RENESAS/Source/startup.o
 .ARM.attributes
                0x000002c2       0x30 ./ra/fsp/src/bsp/cmsis/Device/RENESAS/Source/system.o
 .ARM.attributes
                0x000002f2       0x30 ./ra/board/ra2t1_fpb/board_init.o
 .ARM.attributes
                0x00000322       0x30 C:/Program Files (x86)/Arm GNU Toolchain arm-none-eabi/13.2 Rel1/bin/../lib/gcc/arm-none-eabi/13.2.1/thumb/v8-m.base/nofp\libg_nano.a(libc_a-memset.o)
 .ARM.attributes
                0x00000352       0x30 C:/Program Files (x86)/Arm GNU Toolchain arm-none-eabi/13.2 Rel1/bin/../lib/gcc/arm-none-eabi/13.2.1/thumb/v8-m.base/nofp\libg_nano.a(libc_a-memcpy-stub.o)
 .ARM.attributes
                0x00000382       0x30 C:/Program Files (x86)/Arm GNU Toolchain arm-none-eabi/13.2 Rel1/bin/../lib/gcc/arm-none-eabi/13.2.1/thumb/v8-m.base/nofp/crtend.o

.comment        0x00000000       0x44
 .comment       0x00000000       0x44 ./src/hal_entry.o
                                 0x45 (size before relaxing)
 .comment       0x00000044       0x45 ./src/hal_warmstart.o
 .comment       0x00000044       0x45 ./ra_gen/common_data.o
 .comment       0x00000044       0x45 ./ra_gen/main.o
 .comment       0x00000044       0x45 ./ra_gen/pin_data.o
 .comment       0x00000044       0x45 ./ra/fsp/src/r_ioport/r_ioport.o
 .comment       0x00000044       0x45 ./ra/fsp/src/bsp/mcu/ra2t1/bsp_linker.o
 .comment       0x00000044       0x45 ./ra/fsp/src/bsp/mcu/all/bsp_clocks.o
 .comment       0x00000044       0x45 ./ra/fsp/src/bsp/mcu/all/bsp_common.o
 .comment       0x00000044       0x45 ./ra/fsp/src/bsp/mcu/all/bsp_group_irq.o
 .comment       0x00000044       0x45 ./ra/fsp/src/bsp/mcu/all/bsp_io.o
 .comment       0x00000044       0x45 ./ra/fsp/src/bsp/mcu/all/bsp_irq.o
 .comment       0x00000044       0x45 ./ra/fsp/src/bsp/cmsis/Device/RENESAS/Source/startup.o
 .comment       0x00000044       0x45 ./ra/fsp/src/bsp/cmsis/Device/RENESAS/Source/system.o
 .comment       0x00000044       0x45 ./ra/board/ra2t1_fpb/board_init.o

.debug_info     0x00000000     0xfb24
 .debug_info    0x00000000       0x9b ./src/hal_entry.o
 .debug_info    0x0000009b     0x1ddc ./src/hal_warmstart.o
 .debug_info    0x00001e77     0x1253 ./ra_gen/common_data.o
 .debug_info    0x000030ca       0xb1 ./ra_gen/main.o
 .debug_info    0x0000317b      0xa31 ./ra_gen/pin_data.o
 .debug_info    0x00003bac     0x29f3 ./ra/fsp/src/r_ioport/r_ioport.o
 .debug_info    0x0000659f      0x338 ./ra/fsp/src/bsp/mcu/ra2t1/bsp_linker.o
 .debug_info    0x000068d7     0x4aac ./ra/fsp/src/bsp/mcu/all/bsp_clocks.o
 .debug_info    0x0000b383      0x966 ./ra/fsp/src/bsp/mcu/all/bsp_common.o
 .debug_info    0x0000bce9     0x135e ./ra/fsp/src/bsp/mcu/all/bsp_group_irq.o
 .debug_info    0x0000d047       0xb2 ./ra/fsp/src/bsp/mcu/all/bsp_io.o
 .debug_info    0x0000d0f9     0x16d9 ./ra/fsp/src/bsp/mcu/all/bsp_irq.o
 .debug_info    0x0000e7d2      0x187 ./ra/fsp/src/bsp/cmsis/Device/RENESAS/Source/startup.o
 .debug_info    0x0000e959     0x1126 ./ra/fsp/src/bsp/cmsis/Device/RENESAS/Source/system.o
 .debug_info    0x0000fa7f       0xa5 ./ra/board/ra2t1_fpb/board_init.o

.debug_abbrev   0x00000000     0x18a5
 .debug_abbrev  0x00000000       0x43 ./src/hal_entry.o
 .debug_abbrev  0x00000043      0x21f ./src/hal_warmstart.o
 .debug_abbrev  0x00000262      0x13a ./ra_gen/common_data.o
 .debug_abbrev  0x0000039c       0x61 ./ra_gen/main.o
 .debug_abbrev  0x000003fd       0xff ./ra_gen/pin_data.o
 .debug_abbrev  0x000004fc      0x3aa ./ra/fsp/src/r_ioport/r_ioport.o
 .debug_abbrev  0x000008a6       0xe3 ./ra/fsp/src/bsp/mcu/ra2t1/bsp_linker.o
 .debug_abbrev  0x00000989      0x399 ./ra/fsp/src/bsp/mcu/all/bsp_clocks.o
 .debug_abbrev  0x00000d22      0x188 ./ra/fsp/src/bsp/mcu/all/bsp_common.o
 .debug_abbrev  0x00000eaa      0x258 ./ra/fsp/src/bsp/mcu/all/bsp_group_irq.o
 .debug_abbrev  0x00001102       0x5e ./ra/fsp/src/bsp/mcu/all/bsp_io.o
 .debug_abbrev  0x00001160      0x2bd ./ra/fsp/src/bsp/mcu/all/bsp_irq.o
 .debug_abbrev  0x0000141d      0x102 ./ra/fsp/src/bsp/cmsis/Device/RENESAS/Source/startup.o
 .debug_abbrev  0x0000151f      0x32b ./ra/fsp/src/bsp/cmsis/Device/RENESAS/Source/system.o
 .debug_abbrev  0x0000184a       0x5b ./ra/board/ra2t1_fpb/board_init.o

.debug_aranges  0x00000000      0x2e8
 .debug_aranges
                0x00000000       0x20 ./src/hal_entry.o
 .debug_aranges
                0x00000020       0x20 ./src/hal_warmstart.o
 .debug_aranges
                0x00000040       0x20 ./ra_gen/common_data.o
 .debug_aranges
                0x00000060       0x20 ./ra_gen/main.o
 .debug_aranges
                0x00000080       0x18 ./ra_gen/pin_data.o
 .debug_aranges
                0x00000098       0xa0 ./ra/fsp/src/r_ioport/r_ioport.o
 .debug_aranges
                0x00000138       0x18 ./ra/fsp/src/bsp/mcu/ra2t1/bsp_linker.o
 .debug_aranges
                0x00000150       0x58 ./ra/fsp/src/bsp/mcu/all/bsp_clocks.o
 .debug_aranges
                0x000001a8       0x30 ./ra/fsp/src/bsp/mcu/all/bsp_common.o
 .debug_aranges
                0x000001d8       0x28 ./ra/fsp/src/bsp/mcu/all/bsp_group_irq.o
 .debug_aranges
                0x00000200       0x18 ./ra/fsp/src/bsp/mcu/all/bsp_io.o
 .debug_aranges
                0x00000218       0x58 ./ra/fsp/src/bsp/mcu/all/bsp_irq.o
 .debug_aranges
                0x00000270       0x28 ./ra/fsp/src/bsp/cmsis/Device/RENESAS/Source/startup.o
 .debug_aranges
                0x00000298       0x30 ./ra/fsp/src/bsp/cmsis/Device/RENESAS/Source/system.o
 .debug_aranges
                0x000002c8       0x20 ./ra/board/ra2t1_fpb/board_init.o

.debug_rnglists
                0x00000000      0x234
 .debug_rnglists
                0x00000000       0x13 ./src/hal_entry.o
 .debug_rnglists
                0x00000013       0x13 ./src/hal_warmstart.o
 .debug_rnglists
                0x00000026       0x13 ./ra_gen/common_data.o
 .debug_rnglists
                0x00000039       0x13 ./ra_gen/main.o
 .debug_rnglists
                0x0000004c       0x91 ./ra/fsp/src/r_ioport/r_ioport.o
 .debug_rnglists
                0x000000dd       0x57 ./ra/fsp/src/bsp/mcu/all/bsp_clocks.o
 .debug_rnglists
                0x00000134       0x1f ./ra/fsp/src/bsp/mcu/all/bsp_common.o
 .debug_rnglists
                0x00000153       0x25 ./ra/fsp/src/bsp/mcu/all/bsp_group_irq.o
 .debug_rnglists
                0x00000178       0x49 ./ra/fsp/src/bsp/mcu/all/bsp_irq.o
 .debug_rnglists
                0x000001c1       0x19 ./ra/fsp/src/bsp/cmsis/Device/RENESAS/Source/startup.o
 .debug_rnglists
                0x000001da       0x47 ./ra/fsp/src/bsp/cmsis/Device/RENESAS/Source/system.o
 .debug_rnglists
                0x00000221       0x13 ./ra/board/ra2t1_fpb/board_init.o

.debug_line     0x00000000     0x2f94
 .debug_line    0x00000000       0x47 ./src/hal_entry.o
 .debug_line    0x00000047      0x418 ./src/hal_warmstart.o
 .debug_line    0x0000045f      0x2ff ./ra_gen/common_data.o
 .debug_line    0x0000075e       0x5e ./ra_gen/main.o
 .debug_line    0x000007bc      0x258 ./ra_gen/pin_data.o
 .debug_line    0x00000a14      0x930 ./ra/fsp/src/r_ioport/r_ioport.o
 .debug_line    0x00001344      0x13b ./ra/fsp/src/bsp/mcu/ra2t1/bsp_linker.o
 .debug_line    0x0000147f      0x63b ./ra/fsp/src/bsp/mcu/all/bsp_clocks.o
 .debug_line    0x00001aba      0x2b9 ./ra/fsp/src/bsp/mcu/all/bsp_common.o
 .debug_line    0x00001d73      0x33e ./ra/fsp/src/bsp/mcu/all/bsp_group_irq.o
 .debug_line    0x000020b1      0x18c ./ra/fsp/src/bsp/mcu/all/bsp_io.o
 .debug_line    0x0000223d      0x527 ./ra/fsp/src/bsp/mcu/all/bsp_irq.o
 .debug_line    0x00002764      0x1f1 ./ra/fsp/src/bsp/cmsis/Device/RENESAS/Source/startup.o
 .debug_line    0x00002955      0x5e4 ./ra/fsp/src/bsp/cmsis/Device/RENESAS/Source/system.o
 .debug_line    0x00002f39       0x5b ./ra/board/ra2t1_fpb/board_init.o

.debug_str      0x00000000     0x930b
 .debug_str     0x00000000     0x930b ./src/hal_entry.o
                                0x1e1 (size before relaxing)
 .debug_str     0x0000930b     0x3779 ./src/hal_warmstart.o
 .debug_str     0x0000930b     0x33d1 ./ra_gen/common_data.o
 .debug_str     0x0000930b      0x1e4 ./ra_gen/main.o
 .debug_str     0x0000930b     0x1db4 ./ra_gen/pin_data.o
 .debug_str     0x0000930b     0x3b54 ./ra/fsp/src/r_ioport/r_ioport.o
 .debug_str     0x0000930b      0x52b ./ra/fsp/src/bsp/mcu/ra2t1/bsp_linker.o
 .debug_str     0x0000930b     0x2452 ./ra/fsp/src/bsp/mcu/all/bsp_clocks.o
 .debug_str     0x0000930b     0x1cc6 ./ra/fsp/src/bsp/mcu/all/bsp_common.o
 .debug_str     0x0000930b     0x222d ./ra/fsp/src/bsp/mcu/all/bsp_group_irq.o
 .debug_str     0x0000930b      0x20d ./ra/fsp/src/bsp/mcu/all/bsp_io.o
 .debug_str     0x0000930b     0x29fd ./ra/fsp/src/bsp/mcu/all/bsp_irq.o
 .debug_str     0x0000930b      0x27c ./ra/fsp/src/bsp/cmsis/Device/RENESAS/Source/startup.o
 .debug_str     0x0000930b      0x9da ./ra/fsp/src/bsp/cmsis/Device/RENESAS/Source/system.o
 .debug_str     0x0000930b      0x1f1 ./ra/board/ra2t1_fpb/board_init.o

.debug_frame    0x00000000      0x4e4
 .debug_frame   0x00000000       0x20 ./src/hal_entry.o
 .debug_frame   0x00000020       0x28 ./src/hal_warmstart.o
 .debug_frame   0x00000048       0x20 ./ra_gen/common_data.o
 .debug_frame   0x00000068       0x28 ./ra_gen/main.o
 .debug_frame   0x00000090      0x164 ./ra/fsp/src/r_ioport/r_ioport.o
 .debug_frame   0x000001f4       0xb8 ./ra/fsp/src/bsp/mcu/all/bsp_clocks.o
 .debug_frame   0x000002ac       0x40 ./ra/fsp/src/bsp/mcu/all/bsp_common.o
 .debug_frame   0x000002ec       0x40 ./ra/fsp/src/bsp/mcu/all/bsp_group_irq.o
 .debug_frame   0x0000032c       0xbc ./ra/fsp/src/bsp/mcu/all/bsp_irq.o
 .debug_frame   0x000003e8       0x38 ./ra/fsp/src/bsp/cmsis/Device/RENESAS/Source/startup.o
 .debug_frame   0x00000420       0x5c ./ra/fsp/src/bsp/cmsis/Device/RENESAS/Source/system.o
 .debug_frame   0x0000047c       0x20 ./ra/board/ra2t1_fpb/board_init.o
 .debug_frame   0x0000049c       0x20 C:/Program Files (x86)/Arm GNU Toolchain arm-none-eabi/13.2 Rel1/bin/../lib/gcc/arm-none-eabi/13.2.1/thumb/v8-m.base/nofp\libg_nano.a(libc_a-memset.o)
 .debug_frame   0x000004bc       0x28 C:/Program Files (x86)/Arm GNU Toolchain arm-none-eabi/13.2 Rel1/bin/../lib/gcc/arm-none-eabi/13.2.1/thumb/v8-m.base/nofp\libg_nano.a(libc_a-memcpy-stub.o)

.debug_loclists
                0x00000000      0xd7e
 .debug_loclists
                0x00000000       0x40 ./src/hal_warmstart.o
 .debug_loclists
                0x00000040      0x7d8 ./ra/fsp/src/r_ioport/r_ioport.o
 .debug_loclists
                0x00000818      0x217 ./ra/fsp/src/bsp/mcu/all/bsp_clocks.o
 .debug_loclists
                0x00000a2f       0x29 ./ra/fsp/src/bsp/mcu/all/bsp_common.o
 .debug_loclists
                0x00000a58       0x86 ./ra/fsp/src/bsp/mcu/all/bsp_group_irq.o
 .debug_loclists
                0x00000ade      0x211 ./ra/fsp/src/bsp/mcu/all/bsp_irq.o
 .debug_loclists
                0x00000cef       0x8f ./ra/fsp/src/bsp/cmsis/Device/RENESAS/Source/system.o
