Archive member included to satisfy reference by file (symbol)

C:/Program Files (x86)/Arm GNU Toolchain arm-none-eabi/13.2 Rel1/bin/../lib/gcc/arm-none-eabi/13.2.1/thumb/v8-m.base/nofp\libgcc.a(_thumb1_case_uqi.o)
                              ./src/complementary_pwm.o (__gnu_thumb1_case_uqi)
C:/Program Files (x86)/Arm GNU Toolchain arm-none-eabi/13.2 Rel1/bin/../lib/gcc/arm-none-eabi/13.2.1/thumb/v8-m.base/nofp\libgcc.a(_thumb1_case_shi.o)
                              ./src/SEGGER_RTT/SEGGER_RTT_printf.o (__gnu_thumb1_case_shi)
C:/Program Files (x86)/Arm GNU Toolchain arm-none-eabi/13.2 Rel1/bin/../lib/gcc/arm-none-eabi/13.2.1/thumb/v8-m.base/nofp\libgcc.a(_muldi3.o)
                              ./ra/fsp/src/bsp/mcu/all/bsp_delay.o (__aeabi_lmul)
C:/Program Files (x86)/Arm GNU Toolchain arm-none-eabi/13.2 Rel1/bin/../lib/gcc/arm-none-eabi/13.2.1/thumb/v8-m.base/nofp\libg_nano.a(libc_a-atoi.o)
                              ./src/complementary_pwm.o (atoi)
C:/Program Files (x86)/Arm GNU Toolchain arm-none-eabi/13.2 Rel1/bin/../lib/gcc/arm-none-eabi/13.2.1/thumb/v8-m.base/nofp\libg_nano.a(libc_a-exit.o)
                              C:/Program Files (x86)/Arm GNU Toolchain arm-none-eabi/13.2 Rel1/bin/../lib/gcc/arm-none-eabi/13.2.1/thumb/v8-m.base/nofp/crt0.o (exit)
C:/Program Files (x86)/Arm GNU Toolchain arm-none-eabi/13.2 Rel1/bin/../lib/gcc/arm-none-eabi/13.2.1/thumb/v8-m.base/nofp\libg_nano.a(libc_a-strtol.o)
                              C:/Program Files (x86)/Arm GNU Toolchain arm-none-eabi/13.2 Rel1/bin/../lib/gcc/arm-none-eabi/13.2.1/thumb/v8-m.base/nofp\libg_nano.a(libc_a-atoi.o) (_strtol_r)
C:/Program Files (x86)/Arm GNU Toolchain arm-none-eabi/13.2 Rel1/bin/../lib/gcc/arm-none-eabi/13.2.1/thumb/v8-m.base/nofp\libg_nano.a(libc_a-ctype_.o)
                              C:/Program Files (x86)/Arm GNU Toolchain arm-none-eabi/13.2 Rel1/bin/../lib/gcc/arm-none-eabi/13.2.1/thumb/v8-m.base/nofp\libg_nano.a(libc_a-strtol.o) (_ctype_)
C:/Program Files (x86)/Arm GNU Toolchain arm-none-eabi/13.2 Rel1/bin/../lib/gcc/arm-none-eabi/13.2.1/thumb/v8-m.base/nofp\libg_nano.a(libc_a-findfp.o)
                              C:/Program Files (x86)/Arm GNU Toolchain arm-none-eabi/13.2 Rel1/bin/../lib/gcc/arm-none-eabi/13.2.1/thumb/v8-m.base/nofp\libg_nano.a(libc_a-exit.o) (__stdio_exit_handler)
C:/Program Files (x86)/Arm GNU Toolchain arm-none-eabi/13.2 Rel1/bin/../lib/gcc/arm-none-eabi/13.2.1/thumb/v8-m.base/nofp\libg_nano.a(libc_a-fwalk.o)
                              C:/Program Files (x86)/Arm GNU Toolchain arm-none-eabi/13.2 Rel1/bin/../lib/gcc/arm-none-eabi/13.2.1/thumb/v8-m.base/nofp\libg_nano.a(libc_a-findfp.o) (_fwalk_sglue)
C:/Program Files (x86)/Arm GNU Toolchain arm-none-eabi/13.2 Rel1/bin/../lib/gcc/arm-none-eabi/13.2.1/thumb/v8-m.base/nofp\libg_nano.a(libc_a-stdio.o)
                              C:/Program Files (x86)/Arm GNU Toolchain arm-none-eabi/13.2 Rel1/bin/../lib/gcc/arm-none-eabi/13.2.1/thumb/v8-m.base/nofp\libg_nano.a(libc_a-findfp.o) (__sread)
C:/Program Files (x86)/Arm GNU Toolchain arm-none-eabi/13.2 Rel1/bin/../lib/gcc/arm-none-eabi/13.2.1/thumb/v8-m.base/nofp\libg_nano.a(libc_a-memset.o)
                              C:/Program Files (x86)/Arm GNU Toolchain arm-none-eabi/13.2 Rel1/bin/../lib/gcc/arm-none-eabi/13.2.1/thumb/v8-m.base/nofp/crt0.o (memset)
C:/Program Files (x86)/Arm GNU Toolchain arm-none-eabi/13.2 Rel1/bin/../lib/gcc/arm-none-eabi/13.2.1/thumb/v8-m.base/nofp\libg_nano.a(libc_a-closer.o)
                              C:/Program Files (x86)/Arm GNU Toolchain arm-none-eabi/13.2 Rel1/bin/../lib/gcc/arm-none-eabi/13.2.1/thumb/v8-m.base/nofp\libg_nano.a(libc_a-stdio.o) (_close_r)
C:/Program Files (x86)/Arm GNU Toolchain arm-none-eabi/13.2 Rel1/bin/../lib/gcc/arm-none-eabi/13.2.1/thumb/v8-m.base/nofp\libg_nano.a(libc_a-reent.o)
                              C:/Program Files (x86)/Arm GNU Toolchain arm-none-eabi/13.2 Rel1/bin/../lib/gcc/arm-none-eabi/13.2.1/thumb/v8-m.base/nofp\libg_nano.a(libc_a-closer.o) (errno)
C:/Program Files (x86)/Arm GNU Toolchain arm-none-eabi/13.2 Rel1/bin/../lib/gcc/arm-none-eabi/13.2.1/thumb/v8-m.base/nofp\libg_nano.a(libc_a-impure.o)
                              C:/Program Files (x86)/Arm GNU Toolchain arm-none-eabi/13.2 Rel1/bin/../lib/gcc/arm-none-eabi/13.2.1/thumb/v8-m.base/nofp\libg_nano.a(libc_a-strtol.o) (_impure_ptr)
C:/Program Files (x86)/Arm GNU Toolchain arm-none-eabi/13.2 Rel1/bin/../lib/gcc/arm-none-eabi/13.2.1/thumb/v8-m.base/nofp\libg_nano.a(libc_a-lseekr.o)
                              C:/Program Files (x86)/Arm GNU Toolchain arm-none-eabi/13.2 Rel1/bin/../lib/gcc/arm-none-eabi/13.2.1/thumb/v8-m.base/nofp\libg_nano.a(libc_a-stdio.o) (_lseek_r)
C:/Program Files (x86)/Arm GNU Toolchain arm-none-eabi/13.2 Rel1/bin/../lib/gcc/arm-none-eabi/13.2.1/thumb/v8-m.base/nofp\libg_nano.a(libc_a-readr.o)
[...]
Memory Configuration

Name             Origin             Length             Attributes
RAM              0x20004000         0x00002000         xrw
FLASH            0x00000440         0x0000fbc0         xr
DATA_FLASH       0x40100000         0x00000800         xr
OPTION_SETTING_OFS0 0x00000400         0x00000004         r
OPTION_SETTING_OFS1 0x00000404         0x00000004         r
OPTION_SETTING_SECMPU 0x00000408         0x00000034         r
OPTION_SETTING_OSIS 0x01010018         0x00000020         r
FLASH_GAP        0x00000000         0x00000400         xr
*default*        0x00000000         0xffffffff

Linker script and memory map

LOAD C:/Program Files (x86)/Arm GNU Toolchain arm-none-eabi/13.2 Rel1/bin/../lib/gcc/arm-none-eabi/13.2.1/thumb/v8-m.base/nofp/crti.o
LOAD C:/Program Files (x86)/Arm GNU Toolchain arm-none-eabi/13.2 Rel1/bin/../lib/gcc/arm-none-eabi/13.2.1/thumb/v8-m.base/nofp/crtbegin.o
LOAD C:/Program Files (x86)/Arm GNU Toolchain arm-none-eabi/13.2 Rel1/bin/../lib/gcc/arm-none-eabi/13.2.1/thumb/v8-m.base/nofp/crt0.o
START GROUP
LOAD ./src/SEGGER_RTT/SEGGER_RTT.o
LOAD ./src/SEGGER_RTT/SEGGER_RTT_printf.o
LOAD ./src/complementary_pwm.o
LOAD ./src/hal_entry.o
LOAD ./src/hal_warmstart.o
LOAD ./ra_gen/common_data.o
LOAD ./ra_gen/hal_data.o
LOAD ./ra_gen/main.o
LOAD ./ra_gen/pin_data.o
LOAD ./ra_gen/vector_data.o
LOAD ./ra/fsp/src/r_ioport/r_ioport.o
LOAD ./ra/fsp/src/r_gpt/r_gpt.o
LOAD ./ra/fsp/src/bsp/mcu/ra2t1/bsp_linker.o
LOAD ./ra/fsp/src/bsp/mcu/all/bsp_clocks.o
LOAD ./ra/fsp/src/bsp/mcu/all/bsp_common.o
LOAD ./ra/fsp/src/bsp/mcu/all/bsp_delay.o
LOAD ./ra/fsp/src/bsp/mcu/all/bsp_group_irq.o
LOAD ./ra/fsp/src/bsp/mcu/all/bsp_guard.o
LOAD ./ra/fsp/src/bsp/mcu/all/bsp_io.o
LOAD ./ra/fsp/src/bsp/mcu/all/bsp_ipc.o
LOAD ./ra/fsp/src/bsp/mcu/all/bsp_irq.o
LOAD ./ra/fsp/src/bsp/mcu/all/bsp_macl.o
LOAD ./ra/fsp/src/bsp/mcu/all/bsp_ospi_b.o
LOAD ./ra/fsp/src/bsp/mcu/all/bsp_register_protection.o
LOAD ./ra/fsp/src/bsp/mcu/all/bsp_sbrk.o
LOAD ./ra/fsp/src/bsp/mcu/all/bsp_sdram.o
LOAD ./ra/fsp/src/bsp/mcu/all/bsp_security.o
LOAD ./ra/fsp/src/bsp/cmsis/Device/RENESAS/Source/startup.o
LOAD ./ra/fsp/src/bsp/cmsis/Device/RENESAS/Source/system.o
LOAD ./ra/board/ra2t1_fpb/board_init.o
LOAD ./ra/board/ra2t1_fpb/board_leds.o
END GROUP
START GROUP
LOAD C:/Program Files (x86)/Arm GNU Toolchain arm-none-eabi/13.2 Rel1/bin/../lib/gcc/arm-none-eabi/13.2.1/thumb/v8-m.base/nofp\libgcc.a
LOAD C:/Program Files (x86)/Arm GNU Toolchain arm-none-eabi/13.2 Rel1/bin/../lib/gcc/arm-none-eabi/13.2.1/thumb/v8-m.base/nofp\libg_nano.a
LOAD C:/Program Files (x86)/Arm GNU Toolchain arm-none-eabi/13.2 Rel1/bin/../lib/gcc/arm-none-eabi/13.2.1/thumb/v8-m.base/nofp\libc_nano.a
END GROUP
START GROUP
LOAD C:/Program Files (x86)/Arm GNU Toolchain arm-none-eabi/13.2 Rel1/bin/../lib/gcc/arm-none-eabi/13.2.1/thumb/v8-m.base/nofp\libgcc.a
LOAD C:/Program Files (x86)/Arm GNU Toolchain arm-none-eabi/13.2 Rel1/bin/../lib/gcc/arm-none-eabi/13.2.1/thumb/v8-m.base/nofp\libc_nano.a
END GROUP
LOAD C:/Program Files (x86)/Arm GNU Toolchain arm-none-eabi/13.2 Rel1/bin/../lib/gcc/arm-none-eabi/13.2.1/thumb/v8-m.base/nofp/crtend.o
LOAD C:/Program Files (x86)/Arm GNU Toolchain arm-none-eabi/13.2 Rel1/bin/../lib/gcc/arm-none-eabi/13.2.1/thumb/v8-m.base/nofp/crtn.o
                0x20004000                        RAM_START = 0x20004000
                0x00002000                        RAM_LENGTH = 0x2000
                0x00000440                        FLASH_START = 0x440
                0x0000fbc0                        FLASH_LENGTH = 0xfbc0
                0x40100000                        DATA_FLASH_START = 0x40100000
                0x00000800                        DATA_FLASH_LENGTH = 0x800
                0x00000400                        OPTION_SETTING_OFS0_START = 0x400
                0x00000004                        OPTION_SETTING_OFS0_LENGTH = 0x4
                0x00000404                        OPTION_SETTING_OFS1_START = 0x404
                0x00000004                        OPTION_SETTING_OFS1_LENGTH = 0x4
                0x00000408                        OPTION_SETTING_SECMPU_START = 0x408
                0x00000034                        OPTION_SETTING_SECMPU_LENGTH = 0x34
                0x01010018                        OPTION_SETTING_OSIS_START = 0x1010018
                0x00000020                        OPTION_SETTING_OSIS_LENGTH = 0x20
                0x00000000                        FLASH_GAP_START = 0x0
                0x00000400                        FLASH_GAP_LENGTH = 0x400
START GROUP
LOAD C:/Program Files (x86)/Arm GNU Toolchain arm-none-eabi/13.2 Rel1/bin/../lib/gcc/arm-none-eabi/13.2.1/thumb/v8-m.base/nofp\libgcc.a
LOAD C:/Program Files (x86)/Arm GNU Toolchain arm-none-eabi/13.2 Rel1/bin/../lib/gcc/arm-none-eabi/13.2.1/thumb/v8-m.base/nofp\libc.a
LOAD C:/Program Files (x86)/Arm GNU Toolchain arm-none-eabi/13.2 Rel1/bin/../lib/gcc/arm-none-eabi/13.2.1/thumb/v8-m.base/nofp\libm.a
END GROUP

.data_flash.startof
                0x40100000        0x0
                0x40100000                        __ddsc_DATA_FLASH_START = .

.ram.startof    0x20004000        0x0
                0x20004000                        __ddsc_RAM_START = .

__ram_dtc_vector$$
                0x20004000        0x0
                0x20004000                        __ram_dtc_vector$$Base = .
 *(.fsp_dtc_vector_table)
                0x20004000                        __ram_dtc_vector$$Limit = .

__ram_from_data_flash$$
                0x20004000        0x0 load address 0x40100000
                0x20004000                        __ram_from_data_flash$$Base = .
                0x40100000                        __ram_from_data_flash$$Load = LOADADDR (__ram_from_data_flash$$)
 *(.ram_from_data_flash)
 *(.ram_code_from_data_flash)
                0x20004000                        __ram_from_data_flash$$Limit = .

__data_flash_readonly$$
                0x40100000        0x0
                0x40100000                        __data_flash_readonly$$Base = .
 *(.data_flash)
 *(.data_flash_code)
                0x40100000                        __data_flash_readonly$$Limit = .

__data_flash_noinit$$
                0x40100000        0x0
                0x40100000                        __data_flash_noinit$$Base = .
 *(.data_flash_noinit)
                0x40100000                        __data_flash_noinit$$Limit = .

.data_flash.endof
                0x40100000        0x0
                0x40100000                        __ddsc_DATA_FLASH_END = .

.flash.startof  0x00000000        0x0
                0x00000000                        __ddsc_FLASH_START = .

__flash_vectors$$
                0x00000000       0x40
                0x00000000                        __flash_vectors$$Base = .
                0x00000000                        _VECTORS = .
 *(.fixed_vectors)
 .fixed_vectors
                0x00000000       0x40 ./ra/fsp/src/bsp/cmsis/Device/RENESAS/Source/startup.o
                0x00000000                __Vectors
 *(.application_vectors)
                0x00000040                        __flash_vectors$$Limit = .

__flash_readonly_gap$$
                0x00000040      0x138
                0x00000040                        __flash_readonly_gap$$Base = .
 *bsp_linker.?*(.rodata.*)
 .rodata.g_init_info
                0x00000040       0x10 ./ra/fsp/src/bsp/mcu/ra2t1/bsp_linker.o
                0x00000040                g_init_info
 .rodata.copy_list
                0x00000050       0x20 ./ra/fsp/src/bsp/mcu/ra2t1/bsp_linker.o
 .rodata.zero_list
                0x00000070        0xc ./ra/fsp/src/bsp/mcu/ra2t1/bsp_linker.o
 *(.flash_gap)
 *startup.?*(.text.Reset_Handler)
 .text.Reset_Handler
                0x0000007c        0xc ./ra/fsp/src/bsp/cmsis/Device/RENESAS/Source/startup.o
                0x0000007c                Reset_Handler
 *system.?*(.text.*)
 .text.SystemRuntimeInit
                0x00000088       0x58 ./ra/fsp/src/bsp/cmsis/Device/RENESAS/Source/system.o
 .text.SystemInit
                0x000000e0       0x98 ./ra/fsp/src/bsp/cmsis/Device/RENESAS/Source/system.o
                0x000000e0                SystemInit
 *(.flash_gap_code)
                0x00000178                        __flash_readonly_gap$$Limit = .

__flash_noinit$$
                0x00000440        0x0
                0x00000440                        __flash_noinit$$Base = .
 *(.flash_noinit)
                0x00000440                        __flash_noinit$$Limit = .

__ram_from_flash$$
                0x20004000       0x60 load address 0x00000440
                0x20004000                        __ram_from_flash$$Base = .
                0x00000440                        __ram_from_flash$$Load = LOADADDR (__ram_from_flash$$)
 *(.ram_from_flash)
 *(.ram_code_from_flash)
 *(.data*)
 .data.g_comp_pwm_cfg
                0x20004000        0xe ./src/complementary_pwm.o
 *fill*         0x2000400e        0x2 
 .data._impure_ptr
                0x20004010        0x4 C:/Program Files (x86)/Arm GNU Toolchain arm-none-eabi/13.2 Rel1/bin/../lib/gcc/arm-none-eabi/13.2.1/thumb/v8-m.base/nofp\libg_nano.a(libc_a-impure.o)
                0x20004010                _impure_ptr
 .data._impure_data
                0x20004014       0x4c C:/Program Files (x86)/Arm GNU Toolchain arm-none-eabi/13.2 Rel1/bin/../lib/gcc/arm-none-eabi/13.2.1/thumb/v8-m.base/nofp\libg_nano.a(libc_a-impure.o)
                0x20004014                _impure_data
 *(vtable)
                0x20004060                        __ram_from_flash$$Limit = .

.tm_clone_table
                0x20004060        0x0 load address 0x000004a0
 .tm_clone_table
                0x20004060        0x0 C:/Program Files (x86)/Arm GNU Toolchain arm-none-eabi/13.2 Rel1/bin/../lib/gcc/arm-none-eabi/13.2.1/thumb/v8-m.base/nofp/crtbegin.o
 .tm_clone_table
                0x20004060        0x0 C:/Program Files (x86)/Arm GNU Toolchain arm-none-eabi/13.2 Rel1/bin/../lib/gcc/arm-none-eabi/13.2.1/thumb/v8-m.base/nofp/crtend.o

.igot.plt       0x20004060        0x0 load address 0x000004a0
 .igot.plt      0x20004060        0x0 C:/Program Files (x86)/Arm GNU Toolchain arm-none-eabi/13.2 Rel1/bin/../lib/gcc/arm-none-eabi/13.2.1/thumb/v8-m.base/nofp/crtbegin.o

__ram_noinit$$  0x20004060      0x414 load address 0x000004a0
                0x20004060                        __ram_noinit$$Base = .
 *(.bss.g_heap)
 *(.bss.g_main_stack)
 .bss.g_main_stack
                0x20004060      0x400 ./ra/fsp/src/bsp/cmsis/Device/RENESAS/Source/startup.o
                0x20004060                g_main_stack
 *(.ram_noinit)
 .ram_noinit    0x20004460       0x14 ./ra/fsp/src/bsp/mcu/all/bsp_clocks.o
 *(.noinit)
                0x20004474                        __ram_noinit$$Limit = .

__ram_zero$$    0x20004474      0xab4 load address 0x000004a0
                0x20004474                        __ram_zero$$Base = .
 *(.ram)
 *(.bss*)
 .bss.completed.1
                0x20004474        0x1 C:/Program Files (x86)/Arm GNU Toolchain arm-none-eabi/13.2 Rel1/bin/../lib/gcc/arm-none-eabi/13.2.1/thumb/v8-m.base/nofp/crtbegin.o
 *fill*         0x20004475        0x3 
 .bss.object.0  0x20004478       0x18 C:/Program Files (x86)/Arm GNU Toolchain arm-none-eabi/13.2 Rel1/bin/../lib/gcc/arm-none-eabi/13.2.1/thumb/v8-m.base/nofp/crtbegin.o
 .bss._acDownBuffer
                0x20004490       0x10 ./src/SEGGER_RTT/SEGGER_RTT.o
 .bss._acUpBuffer
                0x200044a0      0x800 ./src/SEGGER_RTT/SEGGER_RTT.o
 .bss._SEGGER_RTT
                0x20004ca0       0xa8 ./src/SEGGER_RTT/SEGGER_RTT.o
                0x20004ca0                _SEGGER_RTT
 .bss.g_ioport_ctrl
                0x20004d48        0x8 ./ra_gen/common_data.o
                0x20004d48                g_ioport_ctrl
 .bss.g_timer_master_ctrl
                0x20004d50       0x20 ./ra_gen/hal_data.o
                0x20004d50                g_timer_master_ctrl
 .bss.g_timer_slave1_ctrl
                0x20004d70       0x20 ./ra_gen/hal_data.o
                0x20004d70                g_timer_slave1_ctrl
 .bss.g_timer_slave2_ctrl
                0x20004d90       0x20 ./ra_gen/hal_data.o
                0x20004d90                g_timer_slave2_ctrl
 .bss.g_bsp_group_irq_sources
                0x20004db0       0x34 ./ra/fsp/src/bsp/mcu/all/bsp_group_irq.o
                0x20004db0                g_bsp_group_irq_sources
 .bss.g_protect_pfswe_counter
                0x20004de4        0x4 ./ra/fsp/src/bsp/mcu/all/bsp_io.o
                0x20004de4                g_protect_pfswe_counter
 .bss.gp_renesas_isr_context
                0x20004de8        0x4 ./ra/fsp/src/bsp/mcu/all/bsp_irq.o
                0x20004de8                gp_renesas_isr_context
 .bss.SystemCoreClock
                0x20004dec        0x4 ./ra/fsp/src/bsp/cmsis/Device/RENESAS/Source/system.o
                0x20004dec                SystemCoreClock
 .bss.__sf      0x20004df0      0x138 C:/Program Files (x86)/Arm GNU Toolchain arm-none-eabi/13.2 Rel1/bin/../lib/gcc/arm-none-eabi/13.2.1/thumb/v8-m.base/nofp\libg_nano.a(libc_a-findfp.o)
                0x20004df0                __sf
                0x20004f28                        __ram_zero$$Limit = .

__ram_thread_stack$$
                0x20004f28        0x0 load address 0x000004a0
                0x20004f28                        __ram_thread_stack$$Base = .
 *(.stack?*)
                0x20004f28                        __ram_thread_stack$$Limit = .

.ram.endof      0x20005000        0x0
                0x20005000                        __ddsc_RAM_END = .

__flash_readonly$$
                0x000004a0     0x1cb4
                0x000004a0                        __flash_readonly$$Base = .
 *(.flash)
 *(.flash_code)
 *(.text*)
 .text.deregister_tm_clones
                0x000004a0       0x24 C:/Program Files (x86)/Arm GNU Toolchain arm-none-eabi/13.2 Rel1/bin/../lib/gcc/arm-none-eabi/13.2.1/thumb/v8-m.base/nofp/crtbegin.o
 .text.register_tm_clones
                0x000004c4       0x2c C:/Program Files (x86)/Arm GNU Toolchain arm-none-eabi/13.2 Rel1/bin/../lib/gcc/arm-none-eabi/13.2.1/thumb/v8-m.base/nofp/crtbegin.o
 .text.__do_global_dtors_aux
                0x000004f0       0x30 C:/Program Files (x86)/Arm GNU Toolchain arm-none-eabi/13.2 Rel1/bin/../lib/gcc/arm-none-eabi/13.2.1/thumb/v8-m.base/nofp/crtbegin.o
 .text.frame_dummy
                0x00000520       0x28 C:/Program Files (x86)/Arm GNU Toolchain arm-none-eabi/13.2 Rel1/bin/../lib/gcc/arm-none-eabi/13.2.1/thumb/v8-m.base/nofp/crtbegin.o
 .text._GetAvailWriteSpace
                0x00000548       0x12 ./src/SEGGER_RTT/SEGGER_RTT.o
 .text._WriteNoCheck
                0x0000055a       0x34 ./src/SEGGER_RTT/SEGGER_RTT.o
 .text._WriteBlocking
                0x0000058e       0x5e ./src/SEGGER_RTT/SEGGER_RTT.o
 .text._DoInit  0x000005ec       0x6c ./src/SEGGER_RTT/SEGGER_RTT.o
 .text.SEGGER_RTT_ReadNoLock
                0x00000658       0x9c ./src/SEGGER_RTT/SEGGER_RTT.o
                0x00000658                SEGGER_RTT_ReadNoLock
 .text.SEGGER_RTT_Read
                0x000006f4       0x1a ./src/SEGGER_RTT/SEGGER_RTT.o
                0x000006f4                SEGGER_RTT_Read
 *fill*         0x0000070e        0x2 
 .text.SEGGER_RTT_WriteNoLock
                0x00000710       0x58 ./src/SEGGER_RTT/SEGGER_RTT.o
                0x00000710                SEGGER_RTT_WriteNoLock
 .text.SEGGER_RTT_Write
                0x00000768       0x34 ./src/SEGGER_RTT/SEGGER_RTT.o
                0x00000768                SEGGER_RTT_Write
 .text.SEGGER_RTT_HasKey
                0x0000079c       0x20 ./src/SEGGER_RTT/SEGGER_RTT.o
                0x0000079c                SEGGER_RTT_HasKey
 .text._StoreChar
                0x000007bc       0x3e ./src/SEGGER_RTT/SEGGER_RTT_printf.o
 *fill*         0x000007fa        0x2 
 .text._PrintUnsigned
                0x000007fc       0xd4 ./src/SEGGER_RTT/SEGGER_RTT_printf.o
 .text.SEGGER_RTT_vprintf
                0x000008d0      0x28c ./src/SEGGER_RTT/SEGGER_RTT_printf.o
                0x000008d0                SEGGER_RTT_vprintf
 .text.SEGGER_RTT_printf
                0x00000b5c       0x18 ./src/SEGGER_RTT/SEGGER_RTT_printf.o
                0x00000b5c                SEGGER_RTT_printf
 .text.process_input_data
                0x00000b74       0x38 ./src/complementary_pwm.o
 .text.comp_pwm_close_all_channels
                0x00000bac       0x24 ./src/complementary_pwm.o
 .text.comp_pwm_set_compare_match
                0x00000bd0       0x6c ./src/complementary_pwm.o
 .text.comp_pwm_stop
                0x00000c3c       0x44 ./src/complementary_pwm.o
                0x00000c3c                comp_pwm_stop
 .text.print_comp_pwm_menu
                0x00000c80       0x58 ./src/complementary_pwm.o
                0x00000c80                print_comp_pwm_menu
 .text.comp_pwm_init
                0x00000cd8      0x178 ./src/complementary_pwm.o
                0x00000cd8                comp_pwm_init
 .text.hal_entry
                0x00000e50        0x8 ./src/hal_entry.o
                0x00000e50                hal_entry
 .text.R_BSP_WarmStart
                0x00000e58       0x28 ./src/hal_warmstart.o
                0x00000e58                R_BSP_WarmStart
 .text.startup.main
                0x00000e80        0xa ./ra_gen/main.o
                0x00000e80                main
 *fill*         0x00000e8a        0x2 
 .text.R_BSP_PinAccessEnable
                0x00000e8c       0x2c ./ra/fsp/src/r_ioport/r_ioport.o
 .text.R_BSP_PinAccessDisable
                0x00000eb8       0x30 ./ra/fsp/src/r_ioport/r_ioport.o
 .text.r_ioport_pfs_write
                0x00000ee8       0x30 ./ra/fsp/src/r_ioport/r_ioport.o
 .text.r_ioport_pins_config
                0x00000f18       0x2a ./ra/fsp/src/r_ioport/r_ioport.o
 *fill*         0x00000f42        0x2 
 .text.R_IOPORT_Open
                0x00000f44       0x14 ./ra/fsp/src/r_ioport/r_ioport.o
                0x00000f44                R_IOPORT_Open
 .text.R_GPT_Stop
                0x00000f58        0xa ./ra/fsp/src/r_gpt/r_gpt.o
                0x00000f58                R_GPT_Stop
 .text.gpt_hardware_events_disable
                0x00000f62       0x1c ./ra/fsp/src/r_gpt/r_gpt.o
 .text.gpt_calculate_duty_cycle
                0x00000f7e       0x5c ./ra/fsp/src/r_gpt/r_gpt.o
 *fill*         0x00000fda        0x2 
 .text.R_GPT_DutyCycleSet
                0x00000fdc       0xc0 ./ra/fsp/src/r_gpt/r_gpt.o
                0x00000fdc                R_GPT_DutyCycleSet
 .text.r_gpt_enable_irq
                0x0000109c        0xc ./ra/fsp/src/r_gpt/r_gpt.o
 .text.r_gpt_disable_irq
                0x000010a8       0x18 ./ra/fsp/src/r_gpt/r_gpt.o
 .text.R_GPT_Close
                0x000010c0       0x34 ./ra/fsp/src/r_gpt/r_gpt.o
                0x000010c0                R_GPT_Close
 .text.gpt_gtior_calculate.isra.0
                0x000010f4       0x22 ./ra/fsp/src/r_gpt/r_gpt.o
 *fill*         0x00001116        0x2 
 .text.R_GPT_Open
                0x00001118      0x1f8 ./ra/fsp/src/r_gpt/r_gpt.o
                0x00001118                R_GPT_Open
 .text.bsp_prv_operating_mode_opccr_set
                0x00001310       0x34 ./ra/fsp/src/bsp/mcu/all/bsp_clocks.o
 .text.SystemCoreClockUpdate
                0x00001344       0x28 ./ra/fsp/src/bsp/mcu/all/bsp_clocks.o
                0x00001344                SystemCoreClockUpdate
 .text.bsp_clock_init
                0x0000136c       0xb4 ./ra/fsp/src/bsp/mcu/all/bsp_clocks.o
                0x0000136c                bsp_clock_init
 .text.NMI_Handler
                0x00001420       0x40 ./ra/fsp/src/bsp/mcu/all/bsp_group_irq.o
                0x00001420                NMI_Handler
 .text.R_BSP_IrqStatusClear
                0x00001460       0x1c ./ra/fsp/src/bsp/mcu/all/bsp_irq.o
                0x00001460                R_BSP_IrqStatusClear
 .text.R_BSP_IrqClearPending
                0x0000147c       0x24 ./ra/fsp/src/bsp/mcu/all/bsp_irq.o
                0x0000147c                R_BSP_IrqClearPending
 .text.R_BSP_IrqCfg
                0x000014a0       0x3c ./ra/fsp/src/bsp/mcu/all/bsp_irq.o
                0x000014a0                R_BSP_IrqCfg
 .text.R_BSP_IrqEnableNoClear
                0x000014dc       0x18 ./ra/fsp/src/bsp/mcu/all/bsp_irq.o
                0x000014dc                R_BSP_IrqEnableNoClear
 .text.R_BSP_IrqEnable
                0x000014f4       0x10 ./ra/fsp/src/bsp/mcu/all/bsp_irq.o
                0x000014f4                R_BSP_IrqEnable
 .text.R_BSP_IrqDisable
                0x00001504       0x20 ./ra/fsp/src/bsp/mcu/all/bsp_irq.o
                0x00001504                R_BSP_IrqDisable
 .text.R_BSP_IrqCfgEnable
                0x00001524       0x10 ./ra/fsp/src/bsp/mcu/all/bsp_irq.o
                0x00001524                R_BSP_IrqCfgEnable
 .text.bsp_irq_cfg
                0x00001534       0x18 ./ra/fsp/src/bsp/mcu/all/bsp_irq.o
                0x00001534                bsp_irq_cfg
 .text.Default_Handler
                0x0000154c        0x4 ./ra/fsp/src/bsp/cmsis/Device/RENESAS/Source/startup.o
                0x0000154c                DebugMon_Handler
                0x0000154c                HardFault_Handler
                0x0000154c                SysTick_Handler
                0x0000154c                PendSV_Handler
                0x0000154c                UsageFault_Handler
                0x0000154c                SecureFault_Handler
                0x0000154c                Default_Handler
                0x0000154c                MemManage_Handler
                0x0000154c                SVC_Handler
                0x0000154c                BusFault_Handler
 .text.bsp_init
                0x00001550        0x2 ./ra/board/ra2t1_fpb/board_init.o
                0x00001550                bsp_init
 *fill*         0x00001552        0x2 
 .text          0x00001554       0x14 C:/Program Files (x86)/Arm GNU Toolchain arm-none-eabi/13.2 Rel1/bin/../lib/gcc/arm-none-eabi/13.2.1/thumb/v8-m.base/nofp\libgcc.a(_thumb1_case_uqi.o)
                0x00001554                __gnu_thumb1_case_uqi
 .text          0x00001568       0x14 C:/Program Files (x86)/Arm GNU Toolchain arm-none-eabi/13.2 Rel1/bin/../lib/gcc/arm-none-eabi/13.2.1/thumb/v8-m.base/nofp\libgcc.a(_thumb1_case_shi.o)
                0x00001568                __gnu_thumb1_case_shi
 .text.atoi     0x0000157c        0xc C:/Program Files (x86)/Arm GNU Toolchain arm-none-eabi/13.2 Rel1/bin/../lib/gcc/arm-none-eabi/13.2.1/thumb/v8-m.base/nofp\libg_nano.a(libc_a-atoi.o)
                0x0000157c                atoi
 .text._strtol_l.isra.0
                0x00001588      0x128 C:/Program Files (x86)/Arm GNU Toolchain arm-none-eabi/13.2 Rel1/bin/../lib/gcc/arm-none-eabi/13.2.1/thumb/v8-m.base/nofp\libg_nano.a(libc_a-strtol.o)
 .text.strtol   0x000016b0       0x18 C:/Program Files (x86)/Arm GNU Toolchain arm-none-eabi/13.2 Rel1/bin/../lib/gcc/arm-none-eabi/13.2.1/thumb/v8-m.base/nofp\libg_nano.a(libc_a-strtol.o)
                0x000016b0                strtol
 .text.memset   0x000016c8       0x10 C:/Program Files (x86)/Arm GNU Toolchain arm-none-eabi/13.2 Rel1/bin/../lib/gcc/arm-none-eabi/13.2.1/thumb/v8-m.base/nofp\libg_nano.a(libc_a-memset.o)
                0x000016c8                memset
 .text.__errno  0x000016d8        0xc C:/Program Files (x86)/Arm GNU Toolchain arm-none-eabi/13.2 Rel1/bin/../lib/gcc/arm-none-eabi/13.2.1/thumb/v8-m.base/nofp\libg_nano.a(libc_a-errno.o)
                0x000016d8                __errno
 .text.memcpy   0x000016e4       0x12 C:/Program Files (x86)/Arm GNU Toolchain arm-none-eabi/13.2 Rel1/bin/../lib/gcc/arm-none-eabi/13.2.1/thumb/v8-m.base/nofp\libg_nano.a(libc_a-memcpy-stub.o)
                0x000016e4                memcpy
 *(.rodata*)
 .rodata._DoInit.str1.1
                0x000016f6      0x62c ./src/SEGGER_RTT/SEGGER_RTT.o
                                  0x9 (size before relaxing)
 .rodata._aInitStr.0
                0x00001d22       0x11 ./src/SEGGER_RTT/SEGGER_RTT.o
 .rodata.SEGGER_RTT_vprintf.str1.1
                0x00001d33        0x7 ./src/SEGGER_RTT/SEGGER_RTT_printf.o
 .rodata._aV2C.0
                0x00001d33       0x10 ./src/SEGGER_RTT/SEGGER_RTT_printf.o
 .rodata.process_input_data.str1.1
                0x00001d43       0x1a ./src/complementary_pwm.o
 .rodata.comp_pwm_set_compare_match.str1.1
                0x00001d43       0x8e ./src/complementary_pwm.o
 .rodata.comp_pwm_stop.str1.1
                0x00001d43       0x5d ./src/complementary_pwm.o
 .rodata.print_comp_pwm_submenu.str1.1
                0x00001d43      0x12a ./src/complementary_pwm.o
 .rodata.print_comp_pwm_menu.str1.1
                0x00001d43       0xfb ./src/complementary_pwm.o
 .rodata.comp_pwm_init.str1.1
                0x00001d43      0x2f2 ./src/complementary_pwm.o
 .rodata.__FUNCTION__.3
                0x00001d43        0xe ./src/complementary_pwm.o
 .rodata.__FUNCTION__.5
                0x00001d51       0x1b ./src/complementary_pwm.o
 .rodata.__FUNCTION__.6
                0x00001d6c       0x17 ./src/complementary_pwm.o
 .rodata.__FUNCTION__.7
                0x00001d83        0xe ./src/complementary_pwm.o
 *fill*         0x00001d91        0x3 
 .rodata.g_timer_master_cfg
                0x00001d94       0x20 ./ra_gen/hal_data.o
                0x00001d94                g_timer_master_cfg
 .rodata.g_timer_master_extend
                0x00001db4       0x40 ./ra_gen/hal_data.o
                0x00001db4                g_timer_master_extend
 .rodata.g_timer_slave1_cfg
                0x00001df4       0x20 ./ra_gen/hal_data.o
                0x00001df4                g_timer_slave1_cfg
 .rodata.g_timer_slave1_extend
                0x00001e14       0x40 ./ra_gen/hal_data.o
                0x00001e14                g_timer_slave1_extend
 .rodata.g_timer_slave2_cfg
                0x00001e54       0x20 ./ra_gen/hal_data.o
                0x00001e54                g_timer_slave2_cfg
 .rodata.g_timer_slave2_extend
                0x00001e74       0x40 ./ra_gen/hal_data.o
                0x00001e74                g_timer_slave2_extend
 .rodata.g_bsp_pin_cfg
                0x00001eb4        0xc ./ra_gen/pin_data.o
                0x00001eb4                g_bsp_pin_cfg
 .rodata.g_bsp_pin_cfg_data
                0x00001ec0      0x140 ./ra_gen/pin_data.o
                0x00001ec0                g_bsp_pin_cfg_data
 .rodata.g_interrupt_event_link_select
                0x00002000        0x1 ./ra/fsp/src/bsp/mcu/all/bsp_irq.o
                0x00002000                g_interrupt_event_link_select
 .rodata._ctype_
                0x00002001      0x101 C:/Program Files (x86)/Arm GNU Toolchain arm-none-eabi/13.2 Rel1/bin/../lib/gcc/arm-none-eabi/13.2.1/thumb/v8-m.base/nofp\libg_nano.a(libc_a-ctype_.o)
                0x00002001                _ctype_
 *(.mcuboot_sce9_key)
 *(.version)
 *fill*         0x00002102        0x2 
 .version       0x00002104       0x50 ./ra/fsp/src/bsp/mcu/all/bsp_common.o
                0x00002154                        __flash_readonly$$Limit = .

.glue_7         0x00002154        0x0
 .glue_7        0x00002154        0x0 linker stubs

.glue_7t        0x00002154        0x0
 .glue_7t       0x00002154        0x0 linker stubs

.vfp11_veneer   0x00002154        0x0
 .vfp11_veneer  0x00002154        0x0 linker stubs

.v4_bx          0x00002154        0x0
 .v4_bx         0x00002154        0x0 linker stubs

.init           0x00002154        0x4
 .init          0x00002154        0x4 C:/Program Files (x86)/Arm GNU Toolchain arm-none-eabi/13.2 Rel1/bin/../lib/gcc/arm-none-eabi/13.2.1/thumb/v8-m.base/nofp/crti.o
                0x00002154                _init

.fini           0x00002158        0x4
 .fini          0x00002158        0x4 C:/Program Files (x86)/Arm GNU Toolchain arm-none-eabi/13.2 Rel1/bin/../lib/gcc/arm-none-eabi/13.2.1/thumb/v8-m.base/nofp/crti.o
                0x00002158                _fini

.iplt           0x0000215c        0x0
 .iplt          0x0000215c        0x0 C:/Program Files (x86)/Arm GNU Toolchain arm-none-eabi/13.2 Rel1/bin/../lib/gcc/arm-none-eabi/13.2.1/thumb/v8-m.base/nofp/crtbegin.o

__flash_ctor$$
 *crtbegin.o(.ctors)
 *crtbegin?.o(.ctors)
 EXCLUDE_FILE(*crtend.o *crtend?.o) *(.ctors)
 *(SORT_BY_NAME(.ctors.*))
 *(.ctors)
 *crtbegin.o(.dtors)
 *crtbegin?.o(.dtors)
 EXCLUDE_FILE(*crtend.o *crtend?.o) *(.dtors)
 *(SORT_BY_NAME(.dtors.*))
 *(.dtors)

__flash_preinit_array$$
                0x0000215c        0x0
                0x0000215c                        __preinit_array_start = .
 *(.preinit_array)
                0x0000215c                        __preinit_array_end = .

__flash_.got$$
 *(.got.plt)
 *(.got)

__flash_init_array$$
                0x0000215c        0x4
                0x0000215c                        __init_array_start = .
 *(SORT_BY_NAME(.init_array.*))
 *(.init_array)
 .init_array    0x0000215c        0x4 C:/Program Files (x86)/Arm GNU Toolchain arm-none-eabi/13.2 Rel1/bin/../lib/gcc/arm-none-eabi/13.2.1/thumb/v8-m.base/nofp/crtbegin.o
                0x00002160                        __init_array_end = .

__flash_fini_array$$
                0x00002160        0x4
                0x00002160                        __fini_array_start = .
 *(SORT_BY_NAME(.fini_array.*))
 *(.fini_array)
 .fini_array    0x00002160        0x4 C:/Program Files (x86)/Arm GNU Toolchain arm-none-eabi/13.2 Rel1/bin/../lib/gcc/arm-none-eabi/13.2.1/thumb/v8-m.base/nofp/crtbegin.o
                0x00002164                        __fini_array_end = .

__flash_arm.extab$$
 *(.ARM.extab*)
 *(.gnu.linkonce.armextab.*)

__flash_arm.exidx$$
                0x00002164        0x0
                0x00002164                        __exidx_start = .
 *(.ARM.exidx*)
 *(.gnu.linkonce.armexidx.*)
                0x00002164                        __exidx_end = .

.flash.endof    0x00002200        0x0
                0x00002200                        __ddsc_FLASH_END = .

.option_setting_ofs0.startof
                0x00000400        0x0
                0x00000400                        __ddsc_OPTION_SETTING_OFS0_START = .

__option_setting_ofs0_reg$$
                0x00000400        0x4
                0x00000400                        __option_setting_ofs0_reg$$Base = .
 *(.option_setting_ofs0)
 .option_setting_ofs0
                0x00000400        0x4 ./ra/fsp/src/bsp/mcu/ra2t1/bsp_linker.o
                0x00000404                        __option_setting_ofs0_reg$$Limit = .

.option_setting_ofs0.endof
                0x00000404        0x0
                0x00000404                        __ddsc_OPTION_SETTING_OFS0_END = .

.option_setting_ofs1.startof
                0x00000404        0x0
                0x00000404                        __ddsc_OPTION_SETTING_OFS1_START = .

__option_setting_ofs1_reg$$
                0x00000404        0x4
                0x00000404                        __option_setting_ofs1_reg$$Base = .
 *(.option_setting_ofs1)
 .option_setting_ofs1
                0x00000404        0x4 ./ra/fsp/src/bsp/mcu/ra2t1/bsp_linker.o
                0x00000408                        __option_setting_ofs1_reg$$Limit = .

.eh_frame       0x00000408        0x0
 .eh_frame      0x00000408        0x0 C:/Program Files (x86)/Arm GNU Toolchain arm-none-eabi/13.2 Rel1/bin/../lib/gcc/arm-none-eabi/13.2.1/thumb/v8-m.base/nofp/crtbegin.o

.rel.dyn        0x00000408        0x0
 .rel.iplt      0x00000408        0x0 C:/Program Files (x86)/Arm GNU Toolchain arm-none-eabi/13.2 Rel1/bin/../lib/gcc/arm-none-eabi/13.2.1/thumb/v8-m.base/nofp/crtbegin.o

.option_setting_ofs1.endof
                0x00000408        0x0
                0x00000408                        __ddsc_OPTION_SETTING_OFS1_END = .

.option_setting_secmpu.startof
                0x00000408        0x0
                0x00000408                        __ddsc_OPTION_SETTING_SECMPU_START = .

__option_setting_secmpu_reg$$
                0x00000408        0x0
                0x00000408                        __option_setting_secmpu_reg$$Base = .
 *(.option_setting_secmpu)
                0x00000408                        __option_setting_secmpu_reg$$Limit = .

.option_setting_secmpu.endof
                0x00000408        0x0
                0x00000408                        __ddsc_OPTION_SETTING_SECMPU_END = .

.option_setting_osis.startof
                0x01010018        0x0
                0x01010018                        __ddsc_OPTION_SETTING_OSIS_START = .

__option_setting_osis_reg$$
                0x01010018        0x0
                0x01010018                        __option_setting_osis_reg$$Base = .
 *(.option_setting_osis)
                0x01010018                        __option_setting_osis_reg$$Limit = .

.option_setting_osis.endof
                0x01010018        0x0
                0x01010018                        __ddsc_OPTION_SETTING_OSIS_END = .
OUTPUT(FSPRA_5725_complementary_pwm.elf elf32-littlearm)
LOAD linker stubs

.ARM.attributes
                0x00000000       0x2c
 .ARM.attributes
                0x00000000       0x22 C:/Program Files (x86)/Arm GNU Toolchain arm-none-eabi/13.2 Rel1/bin/../lib/gcc/arm-none-eabi/13.2.1/thumb/v8-m.base/nofp/crti.o
 .ARM.attributes
                0x00000022       0x30 C:/Program Files (x86)/Arm GNU Toolchain arm-none-eabi/13.2 Rel1/bin/../lib/gcc/arm-none-eabi/13.2.1/thumb/v8-m.base/nofp/crtbegin.o
 .ARM.attributes
                0x00000052       0x30 ./src/SEGGER_RTT/SEGGER_RTT.o
 .ARM.attributes
                0x00000082       0x30 ./src/SEGGER_RTT/SEGGER_RTT_printf.o
 .ARM.attributes
                0x000000b2       0x30 ./src/complementary_pwm.o
 .ARM.attributes
                0x000000e2       0x30 ./src/hal_entry.o
 .ARM.attributes
                0x00000112       0x30 ./src/hal_warmstart.o
 .ARM.attributes
                0x00000142       0x30 ./ra_gen/common_data.o
 .ARM.attributes
                0x00000172       0x30 ./ra_gen/hal_data.o
 .ARM.attributes
                0x000001a2       0x30 ./ra_gen/main.o
 .ARM.attributes
                0x000001d2       0x30 ./ra_gen/pin_data.o
 .ARM.attributes
                0x00000202       0x30 ./ra/fsp/src/r_ioport/r_ioport.o
 .ARM.attributes
                0x00000232       0x30 ./ra/fsp/src/r_gpt/r_gpt.o
 .ARM.attributes
                0x00000262       0x30 ./ra/fsp/src/bsp/mcu/ra2t1/bsp_linker.o
 .ARM.attributes
                0x00000292       0x30 ./ra/fsp/src/bsp/mcu/all/bsp_clocks.o
 .ARM.attributes
                0x000002c2       0x30 ./ra/fsp/src/bsp/mcu/all/bsp_common.o
 .ARM.attributes
                0x000002f2       0x30 ./ra/fsp/src/bsp/mcu/all/bsp_group_irq.o
 .ARM.attributes
                0x00000322       0x30 ./ra/fsp/src/bsp/mcu/all/bsp_io.o
 .ARM.attributes
                0x00000352       0x30 ./ra/fsp/src/bsp/mcu/all/bsp_irq.o
 .ARM.attributes
                0x00000382       0x30 ./ra/fsp/src/bsp/cmsis/Device/RENESAS/Source/startup.o
 .ARM.attributes
                0x000003b2       0x30 ./ra/fsp/src/bsp/cmsis/Device/RENESAS/Source/system.o
 .ARM.attributes
                0x000003e2       0x30 ./ra/board/ra2t1_fpb/board_init.o
 .ARM.attributes
                0x00000412       0x22 C:/Program Files (x86)/Arm GNU Toolchain arm-none-eabi/13.2 Rel1/bin/../lib/gcc/arm-none-eabi/13.2.1/thumb/v8-m.base/nofp\libgcc.a(_thumb1_case_uqi.o)
 .ARM.attributes
                0x00000434       0x22 C:/Program Files (x86)/Arm GNU Toolchain arm-none-eabi/13.2 Rel1/bin/../lib/gcc/arm-none-eabi/13.2.1/thumb/v8-m.base/nofp\libgcc.a(_thumb1_case_shi.o)
 .ARM.attributes
                0x00000456       0x30 C:/Program Files (x86)/Arm GNU Toolchain arm-none-eabi/13.2 Rel1/bin/../lib/gcc/arm-none-eabi/13.2.1/thumb/v8-m.base/nofp\libg_nano.a(libc_a-atoi.o)
 .ARM.attributes
                0x00000486       0x30 C:/Program Files (x86)/Arm GNU Toolchain arm-none-eabi/13.2 Rel1/bin/../lib/gcc/arm-none-eabi/13.2.1/thumb/v8-m.base/nofp\libg_nano.a(libc_a-strtol.o)
 .ARM.attributes
                0x000004b6       0x30 C:/Program Files (x86)/Arm GNU Toolchain arm-none-eabi/13.2 Rel1/bin/../lib/gcc/arm-none-eabi/13.2.1/thumb/v8-m.base/nofp\libg_nano.a(libc_a-ctype_.o)
 .ARM.attributes
                0x000004e6       0x30 C:/Program Files (x86)/Arm GNU Toolchain arm-none-eabi/13.2 Rel1/bin/../lib/gcc/arm-none-eabi/13.2.1/thumb/v8-m.base/nofp\libg_nano.a(libc_a-findfp.o)
 .ARM.attributes
                0x00000516       0x30 C:/Program Files (x86)/Arm GNU Toolchain arm-none-eabi/13.2 Rel1/bin/../lib/gcc/arm-none-eabi/13.2.1/thumb/v8-m.base/nofp\libg_nano.a(libc_a-memset.o)
 .ARM.attributes
                0x00000546       0x30 C:/Program Files (x86)/Arm GNU Toolchain arm-none-eabi/13.2 Rel1/bin/../lib/gcc/arm-none-eabi/13.2.1/thumb/v8-m.base/nofp\libg_nano.a(libc_a-impure.o)
 .ARM.attributes
                0x00000576       0x30 C:/Program Files (x86)/Arm GNU Toolchain arm-none-eabi/13.2 Rel1/bin/../lib/gcc/arm-none-eabi/13.2.1/thumb/v8-m.base/nofp\libg_nano.a(libc_a-errno.o)
 .ARM.attributes
                0x000005a6       0x30 C:/Program Files (x86)/Arm GNU Toolchain arm-none-eabi/13.2 Rel1/bin/../lib/gcc/arm-none-eabi/13.2.1/thumb/v8-m.base/nofp\libg_nano.a(libc_a-memcpy-stub.o)
 .ARM.attributes
                0x000005d6       0x30 C:/Program Files (x86)/Arm GNU Toolchain arm-none-eabi/13.2 Rel1/bin/../lib/gcc/arm-none-eabi/13.2.1/thumb/v8-m.base/nofp/crtend.o

.comment        0x00000000       0x44
 .comment       0x00000000       0x44 ./src/SEGGER_RTT/SEGGER_RTT.o
                                 0x45 (size before relaxing)
 .comment       0x00000044       0x45 ./src/SEGGER_RTT/SEGGER_RTT_printf.o
 .comment       0x00000044       0x45 ./src/complementary_pwm.o
 .comment       0x00000044       0x45 ./src/hal_entry.o
 .comment       0x00000044       0x45 ./src/hal_warmstart.o
 .comment       0x00000044       0x45 ./ra_gen/common_data.o
 .comment       0x00000044       0x45 ./ra_gen/hal_data.o
 .comment       0x00000044       0x45 ./ra_gen/main.o
 .comment       0x00000044       0x45 ./ra_gen/pin_data.o
 .comment       0x00000044       0x45 ./ra/fsp/src/r_ioport/r_ioport.o
 .comment       0x00000044       0x45 ./ra/fsp/src/r_gpt/r_gpt.o
 .comment       0x00000044       0x45 ./ra/fsp/src/bsp/mcu/ra2t1/bsp_linker.o
 .comment       0x00000044       0x45 ./ra/fsp/src/bsp/mcu/all/bsp_clocks.o
 .comment       0x00000044       0x45 ./ra/fsp/src/bsp/mcu/all/bsp_common.o
 .comment       0x00000044       0x45 ./ra/fsp/src/bsp/mcu/all/bsp_group_irq.o
 .comment       0x00000044       0x45 ./ra/fsp/src/bsp/mcu/all/bsp_io.o
 .comment       0x00000044       0x45 ./ra/fsp/src/bsp/mcu/all/bsp_irq.o
 .comment       0x00000044       0x45 ./ra/fsp/src/bsp/cmsis/Device/RENESAS/Source/startup.o
 .comment       0x00000044       0x45 ./ra/fsp/src/bsp/cmsis/Device/RENESAS/Source/system.o
 .comment       0x00000044       0x45 ./ra/board/ra2t1_fpb/board_init.o

.debug_info     0x00000000    0x23f0a
 .debug_info    0x00000000     0x1dff ./src/SEGGER_RTT/SEGGER_RTT.o
 .debug_info    0x00001dff      0x613 ./src/SEGGER_RTT/SEGGER_RTT_printf.o
 .debug_info    0x00002412     0x432d ./src/complementary_pwm.o
 .debug_info    0x0000673f      0x7e3 ./src/hal_entry.o
 .debug_info    0x00006f22     0x1ddc ./src/hal_warmstart.o
 .debug_info    0x00008cfe     0x1253 ./ra_gen/common_data.o
 .debug_info    0x00009f51     0x3c36 ./ra_gen/hal_data.o
 .debug_info    0x0000db87       0xb1 ./ra_gen/main.o
 .debug_info    0x0000dc38      0xa31 ./ra_gen/pin_data.o
 .debug_info    0x0000e669     0x29f3 ./ra/fsp/src/r_ioport/r_ioport.o
 .debug_info    0x0001105c     0x9929 ./ra/fsp/src/r_gpt/r_gpt.o
 .debug_info    0x0001a985      0x338 ./ra/fsp/src/bsp/mcu/ra2t1/bsp_linker.o
 .debug_info    0x0001acbd     0x4aac ./ra/fsp/src/bsp/mcu/all/bsp_clocks.o
 .debug_info    0x0001f769      0x966 ./ra/fsp/src/bsp/mcu/all/bsp_common.o
 .debug_info    0x000200cf     0x135e ./ra/fsp/src/bsp/mcu/all/bsp_group_irq.o
 .debug_info    0x0002142d       0xb2 ./ra/fsp/src/bsp/mcu/all/bsp_io.o
 .debug_info    0x000214df     0x16d9 ./ra/fsp/src/bsp/mcu/all/bsp_irq.o
 .debug_info    0x00022bb8      0x187 ./ra/fsp/src/bsp/cmsis/Device/RENESAS/Source/startup.o
 .debug_info    0x00022d3f     0x1126 ./ra/fsp/src/bsp/cmsis/Device/RENESAS/Source/system.o
 .debug_info    0x00023e65       0xa5 ./ra/board/ra2t1_fpb/board_init.o

.debug_abbrev   0x00000000     0x2bc5
 .debug_abbrev  0x00000000      0x2e3 ./src/SEGGER_RTT/SEGGER_RTT.o
 .debug_abbrev  0x000002e3      0x2ad ./src/SEGGER_RTT/SEGGER_RTT_printf.o
 .debug_abbrev  0x00000590      0x4d7 ./src/complementary_pwm.o
 .debug_abbrev  0x00000a67       0xa0 ./src/hal_entry.o
 .debug_abbrev  0x00000b07      0x21f ./src/hal_warmstart.o
 .debug_abbrev  0x00000d26      0x13a ./ra_gen/common_data.o
 .debug_abbrev  0x00000e60      0x28d ./ra_gen/hal_data.o
 .debug_abbrev  0x000010ed       0x61 ./ra_gen/main.o
 .debug_abbrev  0x0000114e       0xff ./ra_gen/pin_data.o
 .debug_abbrev  0x0000124d      0x3aa ./ra/fsp/src/r_ioport/r_ioport.o
 .debug_abbrev  0x000015f7      0x5cf ./ra/fsp/src/r_gpt/r_gpt.o
 .debug_abbrev  0x00001bc6       0xe3 ./ra/fsp/src/bsp/mcu/ra2t1/bsp_linker.o
 .debug_abbrev  0x00001ca9      0x399 ./ra/fsp/src/bsp/mcu/all/bsp_clocks.o
 .debug_abbrev  0x00002042      0x188 ./ra/fsp/src/bsp/mcu/all/bsp_common.o
 .debug_abbrev  0x000021ca      0x258 ./ra/fsp/src/bsp/mcu/all/bsp_group_irq.o
 .debug_abbrev  0x00002422       0x5e ./ra/fsp/src/bsp/mcu/all/bsp_io.o
 .debug_abbrev  0x00002480      0x2bd ./ra/fsp/src/bsp/mcu/all/bsp_irq.o
 .debug_abbrev  0x0000273d      0x102 ./ra/fsp/src/bsp/cmsis/Device/RENESAS/Source/startup.o
 .debug_abbrev  0x0000283f      0x32b ./ra/fsp/src/bsp/cmsis/Device/RENESAS/Source/system.o
 .debug_abbrev  0x00002b6a       0x5b ./ra/board/ra2t1_fpb/board_init.o

.debug_loclists
                0x00000000     0x426a
 .debug_loclists
                0x00000000     0x1958 ./src/SEGGER_RTT/SEGGER_RTT.o
 .debug_loclists
                0x00001958      0x6c5 ./src/SEGGER_RTT/SEGGER_RTT_printf.o
 .debug_loclists
                0x0000201d      0x6a3 ./src/complementary_pwm.o
 .debug_loclists
                0x000026c0       0x40 ./src/hal_warmstart.o
 .debug_loclists
                0x00002700      0x7d8 ./ra/fsp/src/r_ioport/r_ioport.o
 .debug_loclists
                0x00002ed8      0xe2c ./ra/fsp/src/r_gpt/r_gpt.o
 .debug_loclists
                0x00003d04      0x217 ./ra/fsp/src/bsp/mcu/all/bsp_clocks.o
 .debug_loclists
                0x00003f1b       0x29 ./ra/fsp/src/bsp/mcu/all/bsp_common.o
 .debug_loclists
                0x00003f44       0x86 ./ra/fsp/src/bsp/mcu/all/bsp_group_irq.o
 .debug_loclists
                0x00003fca      0x211 ./ra/fsp/src/bsp/mcu/all/bsp_irq.o
 .debug_loclists
                0x000041db       0x8f ./ra/fsp/src/bsp/cmsis/Device/RENESAS/Source/system.o

.debug_aranges  0x00000000      0x5f8
 .debug_aranges
                0x00000000      0x140 ./src/SEGGER_RTT/SEGGER_RTT.o
 .debug_aranges
                0x00000140       0x38 ./src/SEGGER_RTT/SEGGER_RTT_printf.o
 .debug_aranges
                0x00000178       0x78 ./src/complementary_pwm.o
 .debug_aranges
                0x000001f0       0x20 ./src/hal_entry.o
 .debug_aranges
                0x00000210       0x20 ./src/hal_warmstart.o
 .debug_aranges
                0x00000230       0x20 ./ra_gen/common_data.o
 .debug_aranges
                0x00000250       0x20 ./ra_gen/hal_data.o
 .debug_aranges
                0x00000270       0x20 ./ra_gen/main.o
 .debug_aranges
                0x00000290       0x18 ./ra_gen/pin_data.o
 .debug_aranges
                0x000002a8       0xa0 ./ra/fsp/src/r_ioport/r_ioport.o
 .debug_aranges
                0x00000348      0x100 ./ra/fsp/src/r_gpt/r_gpt.o
 .debug_aranges
                0x00000448       0x18 ./ra/fsp/src/bsp/mcu/ra2t1/bsp_linker.o
 .debug_aranges
                0x00000460       0x58 ./ra/fsp/src/bsp/mcu/all/bsp_clocks.o
 .debug_aranges
                0x000004b8       0x30 ./ra/fsp/src/bsp/mcu/all/bsp_common.o
 .debug_aranges
                0x000004e8       0x28 ./ra/fsp/src/bsp/mcu/all/bsp_group_irq.o
 .debug_aranges
                0x00000510       0x18 ./ra/fsp/src/bsp/mcu/all/bsp_io.o
 .debug_aranges
                0x00000528       0x58 ./ra/fsp/src/bsp/mcu/all/bsp_irq.o
 .debug_aranges
                0x00000580       0x28 ./ra/fsp/src/bsp/cmsis/Device/RENESAS/Source/startup.o
 .debug_aranges
                0x000005a8       0x30 ./ra/fsp/src/bsp/cmsis/Device/RENESAS/Source/system.o
 .debug_aranges
                0x000005d8       0x20 ./ra/board/ra2t1_fpb/board_init.o

.debug_rnglists
                0x00000000      0x6cc
 .debug_rnglists
                0x00000000      0x25f ./src/SEGGER_RTT/SEGGER_RTT.o
 .debug_rnglists
                0x0000025f       0x3b ./src/SEGGER_RTT/SEGGER_RTT_printf.o
 .debug_rnglists
                0x0000029a       0xa4 ./src/complementary_pwm.o
 .debug_rnglists
                0x0000033e       0x13 ./src/hal_entry.o
 .debug_rnglists
                0x00000351       0x13 ./src/hal_warmstart.o
 .debug_rnglists
                0x00000364       0x13 ./ra_gen/common_data.o
 .debug_rnglists
                0x00000377       0x13 ./ra_gen/hal_data.o
 .debug_rnglists
                0x0000038a       0x13 ./ra_gen/main.o
 .debug_rnglists
                0x0000039d       0x91 ./ra/fsp/src/r_ioport/r_ioport.o
 .debug_rnglists
                0x0000042e      0x147 ./ra/fsp/src/r_gpt/r_gpt.o
 .debug_rnglists
                0x00000575       0x57 ./ra/fsp/src/bsp/mcu/all/bsp_clocks.o
 .debug_rnglists
                0x000005cc       0x1f ./ra/fsp/src/bsp/mcu/all/bsp_common.o
 .debug_rnglists
                0x000005eb       0x25 ./ra/fsp/src/bsp/mcu/all/bsp_group_irq.o
 .debug_rnglists
                0x00000610       0x49 ./ra/fsp/src/bsp/mcu/all/bsp_irq.o
 .debug_rnglists
                0x00000659       0x19 ./ra/fsp/src/bsp/cmsis/Device/RENESAS/Source/startup.o
 .debug_rnglists
                0x00000672       0x47 ./ra/fsp/src/bsp/cmsis/Device/RENESAS/Source/system.o
 .debug_rnglists
                0x000006b9       0x13 ./ra/board/ra2t1_fpb/board_init.o

.debug_line     0x00000000     0x6bf9
 .debug_line    0x00000000     0x1584 ./src/SEGGER_RTT/SEGGER_RTT.o
 .debug_line    0x00001584      0x6ce ./src/SEGGER_RTT/SEGGER_RTT_printf.o
 .debug_line    0x00001c52      0xacd ./src/complementary_pwm.o
 .debug_line    0x0000271f       0xd2 ./src/hal_entry.o
 .debug_line    0x000027f1      0x3f4 ./src/hal_warmstart.o
 .debug_line    0x00002be5      0x2e7 ./ra_gen/common_data.o
 .debug_line    0x00002ecc      0x31c ./ra_gen/hal_data.o
 .debug_line    0x000031e8       0x5e ./ra_gen/main.o
 .debug_line    0x00003246      0x246 ./ra_gen/pin_data.o
 .debug_line    0x0000348c      0x912 ./ra/fsp/src/r_ioport/r_ioport.o
 .debug_line    0x00003d9e     0x1271 ./ra/fsp/src/r_gpt/r_gpt.o
 .debug_line    0x0000500f      0x13b ./ra/fsp/src/bsp/mcu/ra2t1/bsp_linker.o
 .debug_line    0x0000514a      0x62f ./ra/fsp/src/bsp/mcu/all/bsp_clocks.o
 .debug_line    0x00005779      0x2ad ./ra/fsp/src/bsp/mcu/all/bsp_common.o
 .debug_line    0x00005a26      0x32c ./ra/fsp/src/bsp/mcu/all/bsp_group_irq.o
 .debug_line    0x00005d52      0x186 ./ra/fsp/src/bsp/mcu/all/bsp_io.o
 .debug_line    0x00005ed8      0x50f ./ra/fsp/src/bsp/mcu/all/bsp_irq.o
 .debug_line    0x000063e7      0x1eb ./ra/fsp/src/bsp/cmsis/Device/RENESAS/Source/startup.o
 .debug_line    0x000065d2      0x5cc ./ra/fsp/src/bsp/cmsis/Device/RENESAS/Source/system.o
 .debug_line    0x00006b9e       0x5b ./ra/board/ra2t1_fpb/board_init.o

.debug_str      0x00000000     0xd120
 .debug_str     0x00000000     0xd120 ./src/SEGGER_RTT/SEGGER_RTT.o
                                0x729 (size before relaxing)
 .debug_str     0x0000d120      0x335 ./src/SEGGER_RTT/SEGGER_RTT_printf.o
 .debug_str     0x0000d120     0x368c ./src/complementary_pwm.o
 .debug_str     0x0000d120     0x1baa ./src/hal_entry.o
 .debug_str     0x0000d120     0x3773 ./src/hal_warmstart.o
 .debug_str     0x0000d120     0x33cb ./ra_gen/common_data.o
 .debug_str     0x0000d120     0x42d7 ./ra_gen/hal_data.o
 .debug_str     0x0000d120      0x1de ./ra_gen/main.o
 .debug_str     0x0000d120     0x1dae ./ra_gen/pin_data.o
 .debug_str     0x0000d120     0x3b4e ./ra/fsp/src/r_ioport/r_ioport.o
 .debug_str     0x0000d120     0x6c7f ./ra/fsp/src/r_gpt/r_gpt.o
 .debug_str     0x0000d120      0x525 ./ra/fsp/src/bsp/mcu/ra2t1/bsp_linker.o
 .debug_str     0x0000d120     0x244c ./ra/fsp/src/bsp/mcu/all/bsp_clocks.o
 .debug_str     0x0000d120     0x1cc0 ./ra/fsp/src/bsp/mcu/all/bsp_common.o
 .debug_str     0x0000d120     0x2227 ./ra/fsp/src/bsp/mcu/all/bsp_group_irq.o
 .debug_str     0x0000d120      0x207 ./ra/fsp/src/bsp/mcu/all/bsp_io.o
 .debug_str     0x0000d120     0x29f7 ./ra/fsp/src/bsp/mcu/all/bsp_irq.o
 .debug_str     0x0000d120      0x276 ./ra/fsp/src/bsp/cmsis/Device/RENESAS/Source/startup.o
 .debug_str     0x0000d120      0x9d4 ./ra/fsp/src/bsp/cmsis/Device/RENESAS/Source/system.o
 .debug_str     0x0000d120      0x1eb ./ra/board/ra2t1_fpb/board_init.o

.debug_frame    0x00000000      0xfbc
 .debug_frame   0x00000000      0x430 ./src/SEGGER_RTT/SEGGER_RTT.o
 .debug_frame   0x00000430       0x88 ./src/SEGGER_RTT/SEGGER_RTT_printf.o
 .debug_frame   0x000004b8      0x154 ./src/complementary_pwm.o
 .debug_frame   0x0000060c       0x28 ./src/hal_entry.o
 .debug_frame   0x00000634       0x28 ./src/hal_warmstart.o
 .debug_frame   0x0000065c       0x20 ./ra_gen/common_data.o
 .debug_frame   0x0000067c       0x28 ./ra_gen/hal_data.o
 .debug_frame   0x000006a4       0x28 ./ra_gen/main.o
 .debug_frame   0x000006cc      0x164 ./ra/fsp/src/r_ioport/r_ioport.o
 .debug_frame   0x00000830      0x28c ./ra/fsp/src/r_gpt/r_gpt.o
 .debug_frame   0x00000abc       0xb8 ./ra/fsp/src/bsp/mcu/all/bsp_clocks.o
 .debug_frame   0x00000b74       0x40 ./ra/fsp/src/bsp/mcu/all/bsp_common.o
 .debug_frame   0x00000bb4       0x40 ./ra/fsp/src/bsp/mcu/all/bsp_group_irq.o
 .debug_frame   0x00000bf4       0xbc ./ra/fsp/src/bsp/mcu/all/bsp_irq.o
 .debug_frame   0x00000cb0       0x38 ./ra/fsp/src/bsp/cmsis/Device/RENESAS/Source/startup.o
 .debug_frame   0x00000ce8       0x5c ./ra/fsp/src/bsp/cmsis/Device/RENESAS/Source/system.o
 .debug_frame   0x00000d44       0x20 ./ra/board/ra2t1_fpb/board_init.o
 .debug_frame   0x00000d64       0x40 C:/Program Files (x86)/Arm GNU Toolchain arm-none-eabi/13.2 Rel1/bin/../lib/gcc/arm-none-eabi/13.2.1/thumb/v8-m.base/nofp\libg_nano.a(libc_a-atoi.o)
 .debug_frame   0x00000da4       0x78 C:/Program Files (x86)/Arm GNU Toolchain arm-none-eabi/13.2 Rel1/bin/../lib/gcc/arm-none-eabi/13.2.1/thumb/v8-m.base/nofp\libg_nano.a(libc_a-strtol.o)
 .debug_frame   0x00000e1c      0x138 C:/Program Files (x86)/Arm GNU Toolchain arm-none-eabi/13.2 Rel1/bin/../lib/gcc/arm-none-eabi/13.2.1/thumb/v8-m.base/nofp\libg_nano.a(libc_a-findfp.o)
 .debug_frame   0x00000f54       0x20 C:/Program Files (x86)/Arm GNU Toolchain arm-none-eabi/13.2 Rel1/bin/../lib/gcc/arm-none-eabi/13.2.1/thumb/v8-m.base/nofp\libg_nano.a(libc_a-memset.o)
 .debug_frame   0x00000f74       0x20 C:/Program Files (x86)/Arm GNU Toolchain arm-none-eabi/13.2 Rel1/bin/../lib/gcc/arm-none-eabi/13.2.1/thumb/v8-m.base/nofp\libg_nano.a(libc_a-errno.o)
 .debug_frame   0x00000f94       0x28 C:/Program Files (x86)/Arm GNU Toolchain arm-none-eabi/13.2 Rel1/bin/../lib/gcc/arm-none-eabi/13.2.1/thumb/v8-m.base/nofp\libg_nano.a(libc_a-memcpy-stub.o)

.debug_line_str
                0x00000000       0xce
 .debug_line_str
                0x00000000       0xce C:/Program Files (x86)/Arm GNU Toolchain arm-none-eabi/13.2 Rel1/bin/../lib/gcc/arm-none-eabi/13.2.1/thumb/v8-m.base/nofp\libgcc.a(_thumb1_case_uqi.o)
 .debug_line_str
                0x000000ce       0xce C:/Program Files (x86)/Arm GNU Toolchain arm-none-eabi/13.2 Rel1/bin/../lib/gcc/arm-none-eabi/13.2.1/thumb/v8-m.base/nofp\libgcc.a(_thumb1_case_shi.o)
